2026-05-19 23:39:26.102 [info] Extension host with pid 28692 started
2026-05-19 23:39:26.102 [info] Skipping acquiring lock for c:\project\test\.vscode\guest-data\User\workspaceStorage\3378663943800331055ee724d15df6aa.
2026-05-19 23:39:26.944 [info] ExtensionService#_doActivateExtension vscode.github-authentication, startup: false, activationEvent: 'onAuthenticationRequest:github'
2026-05-19 23:39:27.072 [info] ExtensionService#_doActivateExtension redhat.vscode-rsp-ui, startup: false, activationEvent: 'onLanguage:plaintext'
2026-05-19 23:39:28.511 [info] ExtensionService#_doActivateExtension vscode.emmet, startup: false, activationEvent: 'onLanguage'
2026-05-19 23:39:28.566 [info] ExtensionService#_doActivateExtension undefined_publisher.p2p-code-share, startup: false, activationEvent: 'onView:p2p-code-share-sidebar'
2026-05-19 23:39:28.972 [info] ExtensionService#_doActivateExtension vscode.git-base, startup: true, activationEvent: '*', root cause: vscode.git
2026-05-19 23:39:29.257 [info] ExtensionService#_doActivateExtension vscode.git, startup: true, activationEvent: '*'
2026-05-19 23:39:29.455 [info] ExtensionService#_doActivateExtension vscode.github, startup: true, activationEvent: '*'
2026-05-19 23:39:29.460 [warning] undefined_publisher.p2p-code-share created a webview without a content security policy: https://aka.ms/vscode-webview-missing-csp
2026-05-19 23:39:29.624 [warning] [vscode.git] Accessing a resource scoped configuration without providing a resource is not expected. To get the effective value for 'git.openRepositoryInParentFolders', provide the URI of a resource or 'null' for any resource.
2026-05-19 23:39:29.624 [warning] [vscode.git] Accessing a resource scoped configuration without providing a resource is not expected. To get the effective value for 'git.showProgress', provide the URI of a resource or 'null' for any resource.
2026-05-19 23:39:29.673 [info] Eager extensions activated
2026-05-19 23:39:29.731 [info] ExtensionService#_doActivateExtension vscode.debug-auto-launch, startup: false, activationEvent: 'onStartupFinished'
2026-05-19 23:39:29.742 [info] ExtensionService#_doActivateExtension vscode.merge-conflict, startup: false, activationEvent: 'onStartupFinished'
2026-05-19 23:39:29.799 [info] ExtensionService#_doActivateExtension ms-vscode-remote.remote-containers, startup: false, activationEvent: 'onStartupFinished'
2026-05-19 23:39:30.113 [info] ExtensionService#_doActivateExtension ms-vscode-remote.remote-wsl, startup: false, activationEvent: 'onStartupFinished'
2026-05-19 23:39:31.631 [info] ExtensionService#_doActivateExtension vscode.terminal-suggest, startup: false, activationEvent: 'onTerminalShellIntegration:*'
2026-05-19 23:40:55.850 [info] Extension host terminating: received terminate message from renderer
2026-05-19 23:40:55.891 [info] Extension host with pid 28692 exiting with code 0
