2026-05-19 23:26:16.308 [warning] Creation of workbench contribution 'workbench.contrib.chatSetup' took 24ms.
2026-05-19 23:26:17.738 [info] Started local extension host with pid 10784.
2026-05-19 23:26:18.827 [info] Loading development extension at c:\project\test
2026-05-19 23:26:21.314 [info] [AccountPolicyGate] apply: state=inactive, reason=undefined, isRestricted=false
2026-05-19 23:26:25.966 [info] Settings Sync: Account status changed from uninitialized to unavailable
2026-05-19 23:26:26.410 [info] [AccountPolicyGate] apply: state=inactive, reason=undefined, isRestricted=false
2026-05-19 23:26:27.593 [info] [perf] Render performance baseline is 72ms
2026-05-19 23:27:12.879 [error] Illegal value for lineNumber: Error: Illegal value for lineNumber
    at D5.validateLineNumber (vscode-file://vscode-app/c:/Users/shimd/AppData/Local/Programs/Microsoft%20VS%20Code/0958016b2a/resources/app/out/vs/workbench/workbench.desktop.main.js:668:31037)
    at D5.tokenizeIfCheap (vscode-file://vscode-app/c:/Users/shimd/AppData/Local/Programs/Microsoft%20VS%20Code/0958016b2a/resources/app/out/vs/workbench/workbench.desktop.main.js:668:31590)
    at kHi._isPositionInComment (vscode-file://vscode-app/c:/Users/shimd/AppData/Local/Programs/Microsoft%20VS%20Code/0958016b2a/resources/app/out/vs/workbench/workbench.desktop.main.js:3888:55507)
    at kHi.updateCursorPosition (vscode-file://vscode-app/c:/Users/shimd/AppData/Local/Programs/Microsoft%20VS%20Code/0958016b2a/resources/app/out/vs/workbench/workbench.desktop.main.js:3888:54213)
    at vscode-file://vscode-app/c:/Users/shimd/AppData/Local/Programs/Microsoft%20VS%20Code/0958016b2a/resources/app/out/vs/workbench/workbench.desktop.main.js:3888:53975
    at rye.value (vscode-file://vscode-app/c:/Users/shimd/AppData/Local/Programs/Microsoft%20VS%20Code/0958016b2a/resources/app/out/vs/workbench/workbench.desktop.main.js:668:39994)
    at T._deliver (vscode-file://vscode-app/c:/Users/shimd/AppData/Local/Programs/Microsoft%20VS%20Code/0958016b2a/resources/app/out/vs/workbench/workbench.desktop.main.js:405:3268)
    at T._deliverQueue (vscode-file://vscode-app/c:/Users/shimd/AppData/Local/Programs/Microsoft%20VS%20Code/0958016b2a/resources/app/out/vs/workbench/workbench.desktop.main.js:405:3357)
    at T.fire (vscode-file://vscode-app/c:/Users/shimd/AppData/Local/Programs/Microsoft%20VS%20Code/0958016b2a/resources/app/out/vs/workbench/workbench.desktop.main.js:405:3692)
    at bai.endDeferredEmit (vscode-file://vscode-app/c:/Users/shimd/AppData/Local/Programs/Microsoft%20VS%20Code/0958016b2a/resources/app/out/vs/workbench/workbench.desktop.main.js:678:24200)
    at yp.pushEditOperations (vscode-file://vscode-app/c:/Users/shimd/AppData/Local/Programs/Microsoft%20VS%20Code/0958016b2a/resources/app/out/vs/workbench/workbench.desktop.main.js:676:631)
    at vxe.executeEdits (vscode-file://vscode-app/c:/Users/shimd/AppData/Local/Programs/Microsoft%20VS%20Code/0958016b2a/resources/app/out/vs/workbench/workbench.desktop.main.js:679:469)
    at vscode-file://vscode-app/c:/Users/shimd/AppData/Local/Programs/Microsoft%20VS%20Code/0958016b2a/resources/app/out/vs/workbench/workbench.desktop.main.js:680:2963
    at MCt._emitViewEvent (vscode-file://vscode-app/c:/Users/shimd/AppData/Local/Programs/Microsoft%20VS%20Code/0958016b2a/resources/app/out/vs/workbench/workbench.desktop.main.js:680:4648)
    at vscode-file://vscode-app/c:/Users/shimd/AppData/Local/Programs/Microsoft%20VS%20Code/0958016b2a/resources/app/out/vs/workbench/workbench.desktop.main.js:680:4550
    at Object.batchChanges (vscode-file://vscode-app/c:/Users/shimd/AppData/Local/Programs/Microsoft%20VS%20Code/0958016b2a/resources/app/out/vs/workbench/workbench.desktop.main.js:682:19618)
    at MCt._withViewEventsCollector (vscode-file://vscode-app/c:/Users/shimd/AppData/Local/Programs/Microsoft%20VS%20Code/0958016b2a/resources/app/out/vs/workbench/workbench.desktop.main.js:680:4528)
    at MCt._executeCursorEdit (vscode-file://vscode-app/c:/Users/shimd/AppData/Local/Programs/Microsoft%20VS%20Code/0958016b2a/resources/app/out/vs/workbench/workbench.desktop.main.js:680:2873)
    at MCt.executeEdits (vscode-file://vscode-app/c:/Users/shimd/AppData/Local/Programs/Microsoft%20VS%20Code/0958016b2a/resources/app/out/vs/workbench/workbench.desktop.main.js:680:2928)
    at ds.executeEdits (vscode-file://vscode-app/c:/Users/shimd/AppData/Local/Programs/Microsoft%20VS%20Code/0958016b2a/resources/app/out/vs/workbench/workbench.desktop.main.js:682:11464)
    at ZPt.applyEdits (vscode-file://vscode-app/c:/Users/shimd/AppData/Local/Programs/Microsoft%20VS%20Code/0958016b2a/resources/app/out/vs/workbench/workbench.desktop.main.js:1005:18910)
    at xZ.$tryApplyEdits (vscode-file://vscode-app/c:/Users/shimd/AppData/Local/Programs/Microsoft%20VS%20Code/0958016b2a/resources/app/out/vs/workbench/workbench.desktop.main.js:1005:37101)
    at a._doInvokeHandler (vscode-file://vscode-app/c:/Users/shimd/AppData/Local/Programs/Microsoft%20VS%20Code/0958016b2a/resources/app/out/vs/workbench/workbench.desktop.main.js:4970:51744)
    at a._invokeHandler (vscode-file://vscode-app/c:/Users/shimd/AppData/Local/Programs/Microsoft%20VS%20Code/0958016b2a/resources/app/out/vs/workbench/workbench.desktop.main.js:4970:51490)
    at a._receiveRequest (vscode-file://vscode-app/c:/Users/shimd/AppData/Local/Programs/Microsoft%20VS%20Code/0958016b2a/resources/app/out/vs/workbench/workbench.desktop.main.js:4970:50271)
    at a._receiveOneMessage (vscode-file://vscode-app/c:/Users/shimd/AppData/Local/Programs/Microsoft%20VS%20Code/0958016b2a/resources/app/out/vs/workbench/workbench.desktop.main.js:4970:49105)
    at rye.value (vscode-file://vscode-app/c:/Users/shimd/AppData/Local/Programs/Microsoft%20VS%20Code/0958016b2a/resources/app/out/vs/workbench/workbench.desktop.main.js:4970:47177)
    at T._deliver (vscode-file://vscode-app/c:/Users/shimd/AppData/Local/Programs/Microsoft%20VS%20Code/0958016b2a/resources/app/out/vs/workbench/workbench.desktop.main.js:405:3268)
    at T.fire (vscode-file://vscode-app/c:/Users/shimd/AppData/Local/Programs/Microsoft%20VS%20Code/0958016b2a/resources/app/out/vs/workbench/workbench.desktop.main.js:405:3587)
    at A3.fire (vscode-file://vscode-app/c:/Users/shimd/AppData/Local/Programs/Microsoft%20VS%20Code/0958016b2a/resources/app/out/vs/workbench/workbench.desktop.main.js:1034:9632)
    at MessagePort.<anonymous> (vscode-file://vscode-app/c:/Users/shimd/AppData/Local/Programs/Microsoft%20VS%20Code/0958016b2a/resources/app/out/vs/workbench/workbench.desktop.main.js:4985:16416)
2026-05-19 23:27:13.975 [error] Illegal value for lineNumber: Error: Illegal value for lineNumber
    at D5.validateLineNumber (vscode-file://vscode-app/c:/Users/shimd/AppData/Local/Programs/Microsoft%20VS%20Code/0958016b2a/resources/app/out/vs/workbench/workbench.desktop.main.js:668:31037)
    at D5.tokenizeIfCheap (vscode-file://vscode-app/c:/Users/shimd/AppData/Local/Programs/Microsoft%20VS%20Code/0958016b2a/resources/app/out/vs/workbench/workbench.desktop.main.js:668:31590)
    at kHi._isPositionInComment (vscode-file://vscode-app/c:/Users/shimd/AppData/Local/Programs/Microsoft%20VS%20Code/0958016b2a/resources/app/out/vs/workbench/workbench.desktop.main.js:3888:55507)
    at kHi.updateCursorPosition (vscode-file://vscode-app/c:/Users/shimd/AppData/Local/Programs/Microsoft%20VS%20Code/0958016b2a/resources/app/out/vs/workbench/workbench.desktop.main.js:3888:54213)
    at vscode-file://vscode-app/c:/Users/shimd/AppData/Local/Programs/Microsoft%20VS%20Code/0958016b2a/resources/app/out/vs/workbench/workbench.desktop.main.js:3888:53975
    at rye.value (vscode-file://vscode-app/c:/Users/shimd/AppData/Local/Programs/Microsoft%20VS%20Code/0958016b2a/resources/app/out/vs/workbench/workbench.desktop.main.js:668:39994)
    at T._deliver (vscode-file://vscode-app/c:/Users/shimd/AppData/Local/Programs/Microsoft%20VS%20Code/0958016b2a/resources/app/out/vs/workbench/workbench.desktop.main.js:405:3268)
    at T._deliverQueue (vscode-file://vscode-app/c:/Users/shimd/AppData/Local/Programs/Microsoft%20VS%20Code/0958016b2a/resources/app/out/vs/workbench/workbench.desktop.main.js:405:3357)
    at T.fire (vscode-file://vscode-app/c:/Users/shimd/AppData/Local/Programs/Microsoft%20VS%20Code/0958016b2a/resources/app/out/vs/workbench/workbench.desktop.main.js:405:3692)
    at bai.endDeferredEmit (vscode-file://vscode-app/c:/Users/shimd/AppData/Local/Programs/Microsoft%20VS%20Code/0958016b2a/resources/app/out/vs/workbench/workbench.desktop.main.js:678:24200)
    at yp.pushEditOperations (vscode-file://vscode-app/c:/Users/shimd/AppData/Local/Programs/Microsoft%20VS%20Code/0958016b2a/resources/app/out/vs/workbench/workbench.desktop.main.js:676:631)
    at vxe.executeEdits (vscode-file://vscode-app/c:/Users/shimd/AppData/Local/Programs/Microsoft%20VS%20Code/0958016b2a/resources/app/out/vs/workbench/workbench.desktop.main.js:679:469)
    at vscode-file://vscode-app/c:/Users/shimd/AppData/Local/Programs/Microsoft%20VS%20Code/0958016b2a/resources/app/out/vs/workbench/workbench.desktop.main.js:680:2963
    at MCt._emitViewEvent (vscode-file://vscode-app/c:/Users/shimd/AppData/Local/Programs/Microsoft%20VS%20Code/0958016b2a/resources/app/out/vs/workbench/workbench.desktop.main.js:680:4648)
    at vscode-file://vscode-app/c:/Users/shimd/AppData/Local/Programs/Microsoft%20VS%20Code/0958016b2a/resources/app/out/vs/workbench/workbench.desktop.main.js:680:4550
    at Object.batchChanges (vscode-file://vscode-app/c:/Users/shimd/AppData/Local/Programs/Microsoft%20VS%20Code/0958016b2a/resources/app/out/vs/workbench/workbench.desktop.main.js:682:19618)
    at MCt._withViewEventsCollector (vscode-file://vscode-app/c:/Users/shimd/AppData/Local/Programs/Microsoft%20VS%20Code/0958016b2a/resources/app/out/vs/workbench/workbench.desktop.main.js:680:4528)
    at MCt._executeCursorEdit (vscode-file://vscode-app/c:/Users/shimd/AppData/Local/Programs/Microsoft%20VS%20Code/0958016b2a/resources/app/out/vs/workbench/workbench.desktop.main.js:680:2873)
    at MCt.executeEdits (vscode-file://vscode-app/c:/Users/shimd/AppData/Local/Programs/Microsoft%20VS%20Code/0958016b2a/resources/app/out/vs/workbench/workbench.desktop.main.js:680:2928)
    at ds.executeEdits (vscode-file://vscode-app/c:/Users/shimd/AppData/Local/Programs/Microsoft%20VS%20Code/0958016b2a/resources/app/out/vs/workbench/workbench.desktop.main.js:682:11464)
    at ZPt.applyEdits (vscode-file://vscode-app/c:/Users/shimd/AppData/Local/Programs/Microsoft%20VS%20Code/0958016b2a/resources/app/out/vs/workbench/workbench.desktop.main.js:1005:18910)
    at xZ.$tryApplyEdits (vscode-file://vscode-app/c:/Users/shimd/AppData/Local/Programs/Microsoft%20VS%20Code/0958016b2a/resources/app/out/vs/workbench/workbench.desktop.main.js:1005:37101)
    at a._doInvokeHandler (vscode-file://vscode-app/c:/Users/shimd/AppData/Local/Programs/Microsoft%20VS%20Code/0958016b2a/resources/app/out/vs/workbench/workbench.desktop.main.js:4970:51744)
    at a._invokeHandler (vscode-file://vscode-app/c:/Users/shimd/AppData/Local/Programs/Microsoft%20VS%20Code/0958016b2a/resources/app/out/vs/workbench/workbench.desktop.main.js:4970:51490)
    at a._receiveRequest (vscode-file://vscode-app/c:/Users/shimd/AppData/Local/Programs/Microsoft%20VS%20Code/0958016b2a/resources/app/out/vs/workbench/workbench.desktop.main.js:4970:50271)
    at a._receiveOneMessage (vscode-file://vscode-app/c:/Users/shimd/AppData/Local/Programs/Microsoft%20VS%20Code/0958016b2a/resources/app/out/vs/workbench/workbench.desktop.main.js:4970:49105)
    at rye.value (vscode-file://vscode-app/c:/Users/shimd/AppData/Local/Programs/Microsoft%20VS%20Code/0958016b2a/resources/app/out/vs/workbench/workbench.desktop.main.js:4970:47177)
    at T._deliver (vscode-file://vscode-app/c:/Users/shimd/AppData/Local/Programs/Microsoft%20VS%20Code/0958016b2a/resources/app/out/vs/workbench/workbench.desktop.main.js:405:3268)
    at T.fire (vscode-file://vscode-app/c:/Users/shimd/AppData/Local/Programs/Microsoft%20VS%20Code/0958016b2a/resources/app/out/vs/workbench/workbench.desktop.main.js:405:3587)
    at A3.fire (vscode-file://vscode-app/c:/Users/shimd/AppData/Local/Programs/Microsoft%20VS%20Code/0958016b2a/resources/app/out/vs/workbench/workbench.desktop.main.js:1034:9632)
    at MessagePort.<anonymous> (vscode-file://vscode-app/c:/Users/shimd/AppData/Local/Programs/Microsoft%20VS%20Code/0958016b2a/resources/app/out/vs/workbench/workbench.desktop.main.js:4985:16416)
2026-05-19 23:27:15.791 [error] Illegal value for lineNumber: Error: Illegal value for lineNumber
    at D5.validateLineNumber (vscode-file://vscode-app/c:/Users/shimd/AppData/Local/Programs/Microsoft%20VS%20Code/0958016b2a/resources/app/out/vs/workbench/workbench.desktop.main.js:668:31037)
    at D5.tokenizeIfCheap (vscode-file://vscode-app/c:/Users/shimd/AppData/Local/Programs/Microsoft%20VS%20Code/0958016b2a/resources/app/out/vs/workbench/workbench.desktop.main.js:668:31590)
    at kHi._isPositionInComment (vscode-file://vscode-app/c:/Users/shimd/AppData/Local/Programs/Microsoft%20VS%20Code/0958016b2a/resources/app/out/vs/workbench/workbench.desktop.main.js:3888:55507)
    at kHi.updateCursorPosition (vscode-file://vscode-app/c:/Users/shimd/AppData/Local/Programs/Microsoft%20VS%20Code/0958016b2a/resources/app/out/vs/workbench/workbench.desktop.main.js:3888:54213)
    at vscode-file://vscode-app/c:/Users/shimd/AppData/Local/Programs/Microsoft%20VS%20Code/0958016b2a/resources/app/out/vs/workbench/workbench.desktop.main.js:3888:53975
    at rye.value (vscode-file://vscode-app/c:/Users/shimd/AppData/Local/Programs/Microsoft%20VS%20Code/0958016b2a/resources/app/out/vs/workbench/workbench.desktop.main.js:668:39994)
    at T._deliver (vscode-file://vscode-app/c:/Users/shimd/AppData/Local/Programs/Microsoft%20VS%20Code/0958016b2a/resources/app/out/vs/workbench/workbench.desktop.main.js:405:3268)
    at T._deliverQueue (vscode-file://vscode-app/c:/Users/shimd/AppData/Local/Programs/Microsoft%20VS%20Code/0958016b2a/resources/app/out/vs/workbench/workbench.desktop.main.js:405:3357)
    at T.fire (vscode-file://vscode-app/c:/Users/shimd/AppData/Local/Programs/Microsoft%20VS%20Code/0958016b2a/resources/app/out/vs/workbench/workbench.desktop.main.js:405:3692)
    at bai.endDeferredEmit (vscode-file://vscode-app/c:/Users/shimd/AppData/Local/Programs/Microsoft%20VS%20Code/0958016b2a/resources/app/out/vs/workbench/workbench.desktop.main.js:678:24200)
    at yp.pushEditOperations (vscode-file://vscode-app/c:/Users/shimd/AppData/Local/Programs/Microsoft%20VS%20Code/0958016b2a/resources/app/out/vs/workbench/workbench.desktop.main.js:676:631)
    at vxe.executeEdits (vscode-file://vscode-app/c:/Users/shimd/AppData/Local/Programs/Microsoft%20VS%20Code/0958016b2a/resources/app/out/vs/workbench/workbench.desktop.main.js:679:469)
    at vscode-file://vscode-app/c:/Users/shimd/AppData/Local/Programs/Microsoft%20VS%20Code/0958016b2a/resources/app/out/vs/workbench/workbench.desktop.main.js:680:2963
    at MCt._emitViewEvent (vscode-file://vscode-app/c:/Users/shimd/AppData/Local/Programs/Microsoft%20VS%20Code/0958016b2a/resources/app/out/vs/workbench/workbench.desktop.main.js:680:4648)
    at vscode-file://vscode-app/c:/Users/shimd/AppData/Local/Programs/Microsoft%20VS%20Code/0958016b2a/resources/app/out/vs/workbench/workbench.desktop.main.js:680:4550
    at Object.batchChanges (vscode-file://vscode-app/c:/Users/shimd/AppData/Local/Programs/Microsoft%20VS%20Code/0958016b2a/resources/app/out/vs/workbench/workbench.desktop.main.js:682:19618)
    at MCt._withViewEventsCollector (vscode-file://vscode-app/c:/Users/shimd/AppData/Local/Programs/Microsoft%20VS%20Code/0958016b2a/resources/app/out/vs/workbench/workbench.desktop.main.js:680:4528)
    at MCt._executeCursorEdit (vscode-file://vscode-app/c:/Users/shimd/AppData/Local/Programs/Microsoft%20VS%20Code/0958016b2a/resources/app/out/vs/workbench/workbench.desktop.main.js:680:2873)
    at MCt.executeEdits (vscode-file://vscode-app/c:/Users/shimd/AppData/Local/Programs/Microsoft%20VS%20Code/0958016b2a/resources/app/out/vs/workbench/workbench.desktop.main.js:680:2928)
    at ds.executeEdits (vscode-file://vscode-app/c:/Users/shimd/AppData/Local/Programs/Microsoft%20VS%20Code/0958016b2a/resources/app/out/vs/workbench/workbench.desktop.main.js:682:11464)
    at ZPt.applyEdits (vscode-file://vscode-app/c:/Users/shimd/AppData/Local/Programs/Microsoft%20VS%20Code/0958016b2a/resources/app/out/vs/workbench/workbench.desktop.main.js:1005:18910)
    at xZ.$tryApplyEdits (vscode-file://vscode-app/c:/Users/shimd/AppData/Local/Programs/Microsoft%20VS%20Code/0958016b2a/resources/app/out/vs/workbench/workbench.desktop.main.js:1005:37101)
    at a._doInvokeHandler (vscode-file://vscode-app/c:/Users/shimd/AppData/Local/Programs/Microsoft%20VS%20Code/0958016b2a/resources/app/out/vs/workbench/workbench.desktop.main.js:4970:51744)
    at a._invokeHandler (vscode-file://vscode-app/c:/Users/shimd/AppData/Local/Programs/Microsoft%20VS%20Code/0958016b2a/resources/app/out/vs/workbench/workbench.desktop.main.js:4970:51490)
    at a._receiveRequest (vscode-file://vscode-app/c:/Users/shimd/AppData/Local/Programs/Microsoft%20VS%20Code/0958016b2a/resources/app/out/vs/workbench/workbench.desktop.main.js:4970:50271)
    at a._receiveOneMessage (vscode-file://vscode-app/c:/Users/shimd/AppData/Local/Programs/Microsoft%20VS%20Code/0958016b2a/resources/app/out/vs/workbench/workbench.desktop.main.js:4970:49105)
    at rye.value (vscode-file://vscode-app/c:/Users/shimd/AppData/Local/Programs/Microsoft%20VS%20Code/0958016b2a/resources/app/out/vs/workbench/workbench.desktop.main.js:4970:47177)
    at T._deliver (vscode-file://vscode-app/c:/Users/shimd/AppData/Local/Programs/Microsoft%20VS%20Code/0958016b2a/resources/app/out/vs/workbench/workbench.desktop.main.js:405:3268)
    at T.fire (vscode-file://vscode-app/c:/Users/shimd/AppData/Local/Programs/Microsoft%20VS%20Code/0958016b2a/resources/app/out/vs/workbench/workbench.desktop.main.js:405:3587)
    at A3.fire (vscode-file://vscode-app/c:/Users/shimd/AppData/Local/Programs/Microsoft%20VS%20Code/0958016b2a/resources/app/out/vs/workbench/workbench.desktop.main.js:1034:9632)
    at MessagePort.<anonymous> (vscode-file://vscode-app/c:/Users/shimd/AppData/Local/Programs/Microsoft%20VS%20Code/0958016b2a/resources/app/out/vs/workbench/workbench.desktop.main.js:4985:16416)
2026-05-19 23:27:16.906 [error] Illegal value for lineNumber: Error: Illegal value for lineNumber
    at D5.validateLineNumber (vscode-file://vscode-app/c:/Users/shimd/AppData/Local/Programs/Microsoft%20VS%20Code/0958016b2a/resources/app/out/vs/workbench/workbench.desktop.main.js:668:31037)
    at D5.tokenizeIfCheap (vscode-file://vscode-app/c:/Users/shimd/AppData/Local/Programs/Microsoft%20VS%20Code/0958016b2a/resources/app/out/vs/workbench/workbench.desktop.main.js:668:31590)
    at kHi._isPositionInComment (vscode-file://vscode-app/c:/Users/shimd/AppData/Local/Programs/Microsoft%20VS%20Code/0958016b2a/resources/app/out/vs/workbench/workbench.desktop.main.js:3888:55507)
    at kHi.updateCursorPosition (vscode-file://vscode-app/c:/Users/shimd/AppData/Local/Programs/Microsoft%20VS%20Code/0958016b2a/resources/app/out/vs/workbench/workbench.desktop.main.js:3888:54213)
    at vscode-file://vscode-app/c:/Users/shimd/AppData/Local/Programs/Microsoft%20VS%20Code/0958016b2a/resources/app/out/vs/workbench/workbench.desktop.main.js:3888:53975
    at rye.value (vscode-file://vscode-app/c:/Users/shimd/AppData/Local/Programs/Microsoft%20VS%20Code/0958016b2a/resources/app/out/vs/workbench/workbench.desktop.main.js:668:39994)
    at T._deliver (vscode-file://vscode-app/c:/Users/shimd/AppData/Local/Programs/Microsoft%20VS%20Code/0958016b2a/resources/app/out/vs/workbench/workbench.desktop.main.js:405:3268)
    at T._deliverQueue (vscode-file://vscode-app/c:/Users/shimd/AppData/Local/Programs/Microsoft%20VS%20Code/0958016b2a/resources/app/out/vs/workbench/workbench.desktop.main.js:405:3357)
    at T.fire (vscode-file://vscode-app/c:/Users/shimd/AppData/Local/Programs/Microsoft%20VS%20Code/0958016b2a/resources/app/out/vs/workbench/workbench.desktop.main.js:405:3692)
    at bai.endDeferredEmit (vscode-file://vscode-app/c:/Users/shimd/AppData/Local/Programs/Microsoft%20VS%20Code/0958016b2a/resources/app/out/vs/workbench/workbench.desktop.main.js:678:24200)
    at yp.pushEditOperations (vscode-file://vscode-app/c:/Users/shimd/AppData/Local/Programs/Microsoft%20VS%20Code/0958016b2a/resources/app/out/vs/workbench/workbench.desktop.main.js:676:631)
    at vxe.executeEdits (vscode-file://vscode-app/c:/Users/shimd/AppData/Local/Programs/Microsoft%20VS%20Code/0958016b2a/resources/app/out/vs/workbench/workbench.desktop.main.js:679:469)
    at vscode-file://vscode-app/c:/Users/shimd/AppData/Local/Programs/Microsoft%20VS%20Code/0958016b2a/resources/app/out/vs/workbench/workbench.desktop.main.js:680:2963
    at MCt._emitViewEvent (vscode-file://vscode-app/c:/Users/shimd/AppData/Local/Programs/Microsoft%20VS%20Code/0958016b2a/resources/app/out/vs/workbench/workbench.desktop.main.js:680:4648)
    at vscode-file://vscode-app/c:/Users/shimd/AppData/Local/Programs/Microsoft%20VS%20Code/0958016b2a/resources/app/out/vs/workbench/workbench.desktop.main.js:680:4550
    at Object.batchChanges (vscode-file://vscode-app/c:/Users/shimd/AppData/Local/Programs/Microsoft%20VS%20Code/0958016b2a/resources/app/out/vs/workbench/workbench.desktop.main.js:682:19618)
    at MCt._withViewEventsCollector (vscode-file://vscode-app/c:/Users/shimd/AppData/Local/Programs/Microsoft%20VS%20Code/0958016b2a/resources/app/out/vs/workbench/workbench.desktop.main.js:680:4528)
    at MCt._executeCursorEdit (vscode-file://vscode-app/c:/Users/shimd/AppData/Local/Programs/Microsoft%20VS%20Code/0958016b2a/resources/app/out/vs/workbench/workbench.desktop.main.js:680:2873)
    at MCt.executeEdits (vscode-file://vscode-app/c:/Users/shimd/AppData/Local/Programs/Microsoft%20VS%20Code/0958016b2a/resources/app/out/vs/workbench/workbench.desktop.main.js:680:2928)
    at ds.executeEdits (vscode-file://vscode-app/c:/Users/shimd/AppData/Local/Programs/Microsoft%20VS%20Code/0958016b2a/resources/app/out/vs/workbench/workbench.desktop.main.js:682:11464)
    at ZPt.applyEdits (vscode-file://vscode-app/c:/Users/shimd/AppData/Local/Programs/Microsoft%20VS%20Code/0958016b2a/resources/app/out/vs/workbench/workbench.desktop.main.js:1005:18910)
    at xZ.$tryApplyEdits (vscode-file://vscode-app/c:/Users/shimd/AppData/Local/Programs/Microsoft%20VS%20Code/0958016b2a/resources/app/out/vs/workbench/workbench.desktop.main.js:1005:37101)
    at a._doInvokeHandler (vscode-file://vscode-app/c:/Users/shimd/AppData/Local/Programs/Microsoft%20VS%20Code/0958016b2a/resources/app/out/vs/workbench/workbench.desktop.main.js:4970:51744)
    at a._invokeHandler (vscode-file://vscode-app/c:/Users/shimd/AppData/Local/Programs/Microsoft%20VS%20Code/0958016b2a/resources/app/out/vs/workbench/workbench.desktop.main.js:4970:51490)
    at a._receiveRequest (vscode-file://vscode-app/c:/Users/shimd/AppData/Local/Programs/Microsoft%20VS%20Code/0958016b2a/resources/app/out/vs/workbench/workbench.desktop.main.js:4970:50271)
    at a._receiveOneMessage (vscode-file://vscode-app/c:/Users/shimd/AppData/Local/Programs/Microsoft%20VS%20Code/0958016b2a/resources/app/out/vs/workbench/workbench.desktop.main.js:4970:49105)
    at rye.value (vscode-file://vscode-app/c:/Users/shimd/AppData/Local/Programs/Microsoft%20VS%20Code/0958016b2a/resources/app/out/vs/workbench/workbench.desktop.main.js:4970:47177)
    at T._deliver (vscode-file://vscode-app/c:/Users/shimd/AppData/Local/Programs/Microsoft%20VS%20Code/0958016b2a/resources/app/out/vs/workbench/workbench.desktop.main.js:405:3268)
    at T.fire (vscode-file://vscode-app/c:/Users/shimd/AppData/Local/Programs/Microsoft%20VS%20Code/0958016b2a/resources/app/out/vs/workbench/workbench.desktop.main.js:405:3587)
    at A3.fire (vscode-file://vscode-app/c:/Users/shimd/AppData/Local/Programs/Microsoft%20VS%20Code/0958016b2a/resources/app/out/vs/workbench/workbench.desktop.main.js:1034:9632)
    at MessagePort.<anonymous> (vscode-file://vscode-app/c:/Users/shimd/AppData/Local/Programs/Microsoft%20VS%20Code/0958016b2a/resources/app/out/vs/workbench/workbench.desktop.main.js:4985:16416)
2026-05-19 23:27:18.041 [error] Illegal value for lineNumber: Error: Illegal value for lineNumber
    at D5.validateLineNumber (vscode-file://vscode-app/c:/Users/shimd/AppData/Local/Programs/Microsoft%20VS%20Code/0958016b2a/resources/app/out/vs/workbench/workbench.desktop.main.js:668:31037)
    at D5.tokenizeIfCheap (vscode-file://vscode-app/c:/Users/shimd/AppData/Local/Programs/Microsoft%20VS%20Code/0958016b2a/resources/app/out/vs/workbench/workbench.desktop.main.js:668:31590)
    at kHi._isPositionInComment (vscode-file://vscode-app/c:/Users/shimd/AppData/Local/Programs/Microsoft%20VS%20Code/0958016b2a/resources/app/out/vs/workbench/workbench.desktop.main.js:3888:55507)
    at kHi.updateCursorPosition (vscode-file://vscode-app/c:/Users/shimd/AppData/Local/Programs/Microsoft%20VS%20Code/0958016b2a/resources/app/out/vs/workbench/workbench.desktop.main.js:3888:54213)
    at vscode-file://vscode-app/c:/Users/shimd/AppData/Local/Programs/Microsoft%20VS%20Code/0958016b2a/resources/app/out/vs/workbench/workbench.desktop.main.js:3888:53975
    at rye.value (vscode-file://vscode-app/c:/Users/shimd/AppData/Local/Programs/Microsoft%20VS%20Code/0958016b2a/resources/app/out/vs/workbench/workbench.desktop.main.js:668:39994)
    at T._deliver (vscode-file://vscode-app/c:/Users/shimd/AppData/Local/Programs/Microsoft%20VS%20Code/0958016b2a/resources/app/out/vs/workbench/workbench.desktop.main.js:405:3268)
    at T._deliverQueue (vscode-file://vscode-app/c:/Users/shimd/AppData/Local/Programs/Microsoft%20VS%20Code/0958016b2a/resources/app/out/vs/workbench/workbench.desktop.main.js:405:3357)
    at T.fire (vscode-file://vscode-app/c:/Users/shimd/AppData/Local/Programs/Microsoft%20VS%20Code/0958016b2a/resources/app/out/vs/workbench/workbench.desktop.main.js:405:3692)
    at bai.endDeferredEmit (vscode-file://vscode-app/c:/Users/shimd/AppData/Local/Programs/Microsoft%20VS%20Code/0958016b2a/resources/app/out/vs/workbench/workbench.desktop.main.js:678:24200)
    at yp.pushEditOperations (vscode-file://vscode-app/c:/Users/shimd/AppData/Local/Programs/Microsoft%20VS%20Code/0958016b2a/resources/app/out/vs/workbench/workbench.desktop.main.js:676:631)
    at vxe.executeEdits (vscode-file://vscode-app/c:/Users/shimd/AppData/Local/Programs/Microsoft%20VS%20Code/0958016b2a/resources/app/out/vs/workbench/workbench.desktop.main.js:679:469)
    at vscode-file://vscode-app/c:/Users/shimd/AppData/Local/Programs/Microsoft%20VS%20Code/0958016b2a/resources/app/out/vs/workbench/workbench.desktop.main.js:680:2963
    at MCt._emitViewEvent (vscode-file://vscode-app/c:/Users/shimd/AppData/Local/Programs/Microsoft%20VS%20Code/0958016b2a/resources/app/out/vs/workbench/workbench.desktop.main.js:680:4648)
    at vscode-file://vscode-app/c:/Users/shimd/AppData/Local/Programs/Microsoft%20VS%20Code/0958016b2a/resources/app/out/vs/workbench/workbench.desktop.main.js:680:4550
    at Object.batchChanges (vscode-file://vscode-app/c:/Users/shimd/AppData/Local/Programs/Microsoft%20VS%20Code/0958016b2a/resources/app/out/vs/workbench/workbench.desktop.main.js:682:19618)
    at MCt._withViewEventsCollector (vscode-file://vscode-app/c:/Users/shimd/AppData/Local/Programs/Microsoft%20VS%20Code/0958016b2a/resources/app/out/vs/workbench/workbench.desktop.main.js:680:4528)
    at MCt._executeCursorEdit (vscode-file://vscode-app/c:/Users/shimd/AppData/Local/Programs/Microsoft%20VS%20Code/0958016b2a/resources/app/out/vs/workbench/workbench.desktop.main.js:680:2873)
    at MCt.executeEdits (vscode-file://vscode-app/c:/Users/shimd/AppData/Local/Programs/Microsoft%20VS%20Code/0958016b2a/resources/app/out/vs/workbench/workbench.desktop.main.js:680:2928)
    at ds.executeEdits (vscode-file://vscode-app/c:/Users/shimd/AppData/Local/Programs/Microsoft%20VS%20Code/0958016b2a/resources/app/out/vs/workbench/workbench.desktop.main.js:682:11464)
    at ZPt.applyEdits (vscode-file://vscode-app/c:/Users/shimd/AppData/Local/Programs/Microsoft%20VS%20Code/0958016b2a/resources/app/out/vs/workbench/workbench.desktop.main.js:1005:18910)
    at xZ.$tryApplyEdits (vscode-file://vscode-app/c:/Users/shimd/AppData/Local/Programs/Microsoft%20VS%20Code/0958016b2a/resources/app/out/vs/workbench/workbench.desktop.main.js:1005:37101)
    at a._doInvokeHandler (vscode-file://vscode-app/c:/Users/shimd/AppData/Local/Programs/Microsoft%20VS%20Code/0958016b2a/resources/app/out/vs/workbench/workbench.desktop.main.js:4970:51744)
    at a._invokeHandler (vscode-file://vscode-app/c:/Users/shimd/AppData/Local/Programs/Microsoft%20VS%20Code/0958016b2a/resources/app/out/vs/workbench/workbench.desktop.main.js:4970:51490)
    at a._receiveRequest (vscode-file://vscode-app/c:/Users/shimd/AppData/Local/Programs/Microsoft%20VS%20Code/0958016b2a/resources/app/out/vs/workbench/workbench.desktop.main.js:4970:50271)
    at a._receiveOneMessage (vscode-file://vscode-app/c:/Users/shimd/AppData/Local/Programs/Microsoft%20VS%20Code/0958016b2a/resources/app/out/vs/workbench/workbench.desktop.main.js:4970:49105)
    at rye.value (vscode-file://vscode-app/c:/Users/shimd/AppData/Local/Programs/Microsoft%20VS%20Code/0958016b2a/resources/app/out/vs/workbench/workbench.desktop.main.js:4970:47177)
    at T._deliver (vscode-file://vscode-app/c:/Users/shimd/AppData/Local/Programs/Microsoft%20VS%20Code/0958016b2a/resources/app/out/vs/workbench/workbench.desktop.main.js:405:3268)
    at T.fire (vscode-file://vscode-app/c:/Users/shimd/AppData/Local/Programs/Microsoft%20VS%20Code/0958016b2a/resources/app/out/vs/workbench/workbench.desktop.main.js:405:3587)
    at A3.fire (vscode-file://vscode-app/c:/Users/shimd/AppData/Local/Programs/Microsoft%20VS%20Code/0958016b2a/resources/app/out/vs/workbench/workbench.desktop.main.js:1034:9632)
    at MessagePort.<anonymous> (vscode-file://vscode-app/c:/Users/shimd/AppData/Local/Programs/Microsoft%20VS%20Code/0958016b2a/resources/app/out/vs/workbench/workbench.desktop.main.js:4985:16416)
2026-05-19 23:27:20.063 [error] Illegal value for lineNumber: Error: Illegal value for lineNumber
    at D5.validateLineNumber (vscode-file://vscode-app/c:/Users/shimd/AppData/Local/Programs/Microsoft%20VS%20Code/0958016b2a/resources/app/out/vs/workbench/workbench.desktop.main.js:668:31037)
    at D5.tokenizeIfCheap (vscode-file://vscode-app/c:/Users/shimd/AppData/Local/Programs/Microsoft%20VS%20Code/0958016b2a/resources/app/out/vs/workbench/workbench.desktop.main.js:668:31590)
    at kHi._isPositionInComment (vscode-file://vscode-app/c:/Users/shimd/AppData/Local/Programs/Microsoft%20VS%20Code/0958016b2a/resources/app/out/vs/workbench/workbench.desktop.main.js:3888:55507)
    at kHi.updateCursorPosition (vscode-file://vscode-app/c:/Users/shimd/AppData/Local/Programs/Microsoft%20VS%20Code/0958016b2a/resources/app/out/vs/workbench/workbench.desktop.main.js:3888:54213)
    at vscode-file://vscode-app/c:/Users/shimd/AppData/Local/Programs/Microsoft%20VS%20Code/0958016b2a/resources/app/out/vs/workbench/workbench.desktop.main.js:3888:53975
    at rye.value (vscode-file://vscode-app/c:/Users/shimd/AppData/Local/Programs/Microsoft%20VS%20Code/0958016b2a/resources/app/out/vs/workbench/workbench.desktop.main.js:668:39994)
    at T._deliver (vscode-file://vscode-app/c:/Users/shimd/AppData/Local/Programs/Microsoft%20VS%20Code/0958016b2a/resources/app/out/vs/workbench/workbench.desktop.main.js:405:3268)
    at T._deliverQueue (vscode-file://vscode-app/c:/Users/shimd/AppData/Local/Programs/Microsoft%20VS%20Code/0958016b2a/resources/app/out/vs/workbench/workbench.desktop.main.js:405:3357)
    at T.fire (vscode-file://vscode-app/c:/Users/shimd/AppData/Local/Programs/Microsoft%20VS%20Code/0958016b2a/resources/app/out/vs/workbench/workbench.desktop.main.js:405:3692)
    at bai.endDeferredEmit (vscode-file://vscode-app/c:/Users/shimd/AppData/Local/Programs/Microsoft%20VS%20Code/0958016b2a/resources/app/out/vs/workbench/workbench.desktop.main.js:678:24200)
    at yp.pushEditOperations (vscode-file://vscode-app/c:/Users/shimd/AppData/Local/Programs/Microsoft%20VS%20Code/0958016b2a/resources/app/out/vs/workbench/workbench.desktop.main.js:676:631)
    at vxe.executeEdits (vscode-file://vscode-app/c:/Users/shimd/AppData/Local/Programs/Microsoft%20VS%20Code/0958016b2a/resources/app/out/vs/workbench/workbench.desktop.main.js:679:469)
    at vscode-file://vscode-app/c:/Users/shimd/AppData/Local/Programs/Microsoft%20VS%20Code/0958016b2a/resources/app/out/vs/workbench/workbench.desktop.main.js:680:2963
    at MCt._emitViewEvent (vscode-file://vscode-app/c:/Users/shimd/AppData/Local/Programs/Microsoft%20VS%20Code/0958016b2a/resources/app/out/vs/workbench/workbench.desktop.main.js:680:4648)
    at vscode-file://vscode-app/c:/Users/shimd/AppData/Local/Programs/Microsoft%20VS%20Code/0958016b2a/resources/app/out/vs/workbench/workbench.desktop.main.js:680:4550
    at Object.batchChanges (vscode-file://vscode-app/c:/Users/shimd/AppData/Local/Programs/Microsoft%20VS%20Code/0958016b2a/resources/app/out/vs/workbench/workbench.desktop.main.js:682:19618)
    at MCt._withViewEventsCollector (vscode-file://vscode-app/c:/Users/shimd/AppData/Local/Programs/Microsoft%20VS%20Code/0958016b2a/resources/app/out/vs/workbench/workbench.desktop.main.js:680:4528)
    at MCt._executeCursorEdit (vscode-file://vscode-app/c:/Users/shimd/AppData/Local/Programs/Microsoft%20VS%20Code/0958016b2a/resources/app/out/vs/workbench/workbench.desktop.main.js:680:2873)
    at MCt.executeEdits (vscode-file://vscode-app/c:/Users/shimd/AppData/Local/Programs/Microsoft%20VS%20Code/0958016b2a/resources/app/out/vs/workbench/workbench.desktop.main.js:680:2928)
    at ds.executeEdits (vscode-file://vscode-app/c:/Users/shimd/AppData/Local/Programs/Microsoft%20VS%20Code/0958016b2a/resources/app/out/vs/workbench/workbench.desktop.main.js:682:11464)
    at ZPt.applyEdits (vscode-file://vscode-app/c:/Users/shimd/AppData/Local/Programs/Microsoft%20VS%20Code/0958016b2a/resources/app/out/vs/workbench/workbench.desktop.main.js:1005:18910)
    at xZ.$tryApplyEdits (vscode-file://vscode-app/c:/Users/shimd/AppData/Local/Programs/Microsoft%20VS%20Code/0958016b2a/resources/app/out/vs/workbench/workbench.desktop.main.js:1005:37101)
    at a._doInvokeHandler (vscode-file://vscode-app/c:/Users/shimd/AppData/Local/Programs/Microsoft%20VS%20Code/0958016b2a/resources/app/out/vs/workbench/workbench.desktop.main.js:4970:51744)
    at a._invokeHandler (vscode-file://vscode-app/c:/Users/shimd/AppData/Local/Programs/Microsoft%20VS%20Code/0958016b2a/resources/app/out/vs/workbench/workbench.desktop.main.js:4970:51490)
    at a._receiveRequest (vscode-file://vscode-app/c:/Users/shimd/AppData/Local/Programs/Microsoft%20VS%20Code/0958016b2a/resources/app/out/vs/workbench/workbench.desktop.main.js:4970:50271)
    at a._receiveOneMessage (vscode-file://vscode-app/c:/Users/shimd/AppData/Local/Programs/Microsoft%20VS%20Code/0958016b2a/resources/app/out/vs/workbench/workbench.desktop.main.js:4970:49105)
    at rye.value (vscode-file://vscode-app/c:/Users/shimd/AppData/Local/Programs/Microsoft%20VS%20Code/0958016b2a/resources/app/out/vs/workbench/workbench.desktop.main.js:4970:47177)
    at T._deliver (vscode-file://vscode-app/c:/Users/shimd/AppData/Local/Programs/Microsoft%20VS%20Code/0958016b2a/resources/app/out/vs/workbench/workbench.desktop.main.js:405:3268)
    at T.fire (vscode-file://vscode-app/c:/Users/shimd/AppData/Local/Programs/Microsoft%20VS%20Code/0958016b2a/resources/app/out/vs/workbench/workbench.desktop.main.js:405:3587)
    at A3.fire (vscode-file://vscode-app/c:/Users/shimd/AppData/Local/Programs/Microsoft%20VS%20Code/0958016b2a/resources/app/out/vs/workbench/workbench.desktop.main.js:1034:9632)
    at MessagePort.<anonymous> (vscode-file://vscode-app/c:/Users/shimd/AppData/Local/Programs/Microsoft%20VS%20Code/0958016b2a/resources/app/out/vs/workbench/workbench.desktop.main.js:4985:16416)
2026-05-19 23:27:21.651 [error] Illegal value for lineNumber: Error: Illegal value for lineNumber
    at D5.validateLineNumber (vscode-file://vscode-app/c:/Users/shimd/AppData/Local/Programs/Microsoft%20VS%20Code/0958016b2a/resources/app/out/vs/workbench/workbench.desktop.main.js:668:31037)
    at D5.tokenizeIfCheap (vscode-file://vscode-app/c:/Users/shimd/AppData/Local/Programs/Microsoft%20VS%20Code/0958016b2a/resources/app/out/vs/workbench/workbench.desktop.main.js:668:31590)
    at kHi._isPositionInComment (vscode-file://vscode-app/c:/Users/shimd/AppData/Local/Programs/Microsoft%20VS%20Code/0958016b2a/resources/app/out/vs/workbench/workbench.desktop.main.js:3888:55507)
    at kHi.updateCursorPosition (vscode-file://vscode-app/c:/Users/shimd/AppData/Local/Programs/Microsoft%20VS%20Code/0958016b2a/resources/app/out/vs/workbench/workbench.desktop.main.js:3888:54213)
    at vscode-file://vscode-app/c:/Users/shimd/AppData/Local/Programs/Microsoft%20VS%20Code/0958016b2a/resources/app/out/vs/workbench/workbench.desktop.main.js:3888:53975
    at rye.value (vscode-file://vscode-app/c:/Users/shimd/AppData/Local/Programs/Microsoft%20VS%20Code/0958016b2a/resources/app/out/vs/workbench/workbench.desktop.main.js:668:39994)
    at T._deliver (vscode-file://vscode-app/c:/Users/shimd/AppData/Local/Programs/Microsoft%20VS%20Code/0958016b2a/resources/app/out/vs/workbench/workbench.desktop.main.js:405:3268)
    at T._deliverQueue (vscode-file://vscode-app/c:/Users/shimd/AppData/Local/Programs/Microsoft%20VS%20Code/0958016b2a/resources/app/out/vs/workbench/workbench.desktop.main.js:405:3357)
    at T.fire (vscode-file://vscode-app/c:/Users/shimd/AppData/Local/Programs/Microsoft%20VS%20Code/0958016b2a/resources/app/out/vs/workbench/workbench.desktop.main.js:405:3692)
    at bai.endDeferredEmit (vscode-file://vscode-app/c:/Users/shimd/AppData/Local/Programs/Microsoft%20VS%20Code/0958016b2a/resources/app/out/vs/workbench/workbench.desktop.main.js:678:24200)
    at yp.pushEditOperations (vscode-file://vscode-app/c:/Users/shimd/AppData/Local/Programs/Microsoft%20VS%20Code/0958016b2a/resources/app/out/vs/workbench/workbench.desktop.main.js:676:631)
    at vxe.executeEdits (vscode-file://vscode-app/c:/Users/shimd/AppData/Local/Programs/Microsoft%20VS%20Code/0958016b2a/resources/app/out/vs/workbench/workbench.desktop.main.js:679:469)
    at vscode-file://vscode-app/c:/Users/shimd/AppData/Local/Programs/Microsoft%20VS%20Code/0958016b2a/resources/app/out/vs/workbench/workbench.desktop.main.js:680:2963
    at MCt._emitViewEvent (vscode-file://vscode-app/c:/Users/shimd/AppData/Local/Programs/Microsoft%20VS%20Code/0958016b2a/resources/app/out/vs/workbench/workbench.desktop.main.js:680:4648)
    at vscode-file://vscode-app/c:/Users/shimd/AppData/Local/Programs/Microsoft%20VS%20Code/0958016b2a/resources/app/out/vs/workbench/workbench.desktop.main.js:680:4550
    at Object.batchChanges (vscode-file://vscode-app/c:/Users/shimd/AppData/Local/Programs/Microsoft%20VS%20Code/0958016b2a/resources/app/out/vs/workbench/workbench.desktop.main.js:682:19618)
    at MCt._withViewEventsCollector (vscode-file://vscode-app/c:/Users/shimd/AppData/Local/Programs/Microsoft%20VS%20Code/0958016b2a/resources/app/out/vs/workbench/workbench.desktop.main.js:680:4528)
    at MCt._executeCursorEdit (vscode-file://vscode-app/c:/Users/shimd/AppData/Local/Programs/Microsoft%20VS%20Code/0958016b2a/resources/app/out/vs/workbench/workbench.desktop.main.js:680:2873)
    at MCt.executeEdits (vscode-file://vscode-app/c:/Users/shimd/AppData/Local/Programs/Microsoft%20VS%20Code/0958016b2a/resources/app/out/vs/workbench/workbench.desktop.main.js:680:2928)
    at ds.executeEdits (vscode-file://vscode-app/c:/Users/shimd/AppData/Local/Programs/Microsoft%20VS%20Code/0958016b2a/resources/app/out/vs/workbench/workbench.desktop.main.js:682:11464)
    at ZPt.applyEdits (vscode-file://vscode-app/c:/Users/shimd/AppData/Local/Programs/Microsoft%20VS%20Code/0958016b2a/resources/app/out/vs/workbench/workbench.desktop.main.js:1005:18910)
    at xZ.$tryApplyEdits (vscode-file://vscode-app/c:/Users/shimd/AppData/Local/Programs/Microsoft%20VS%20Code/0958016b2a/resources/app/out/vs/workbench/workbench.desktop.main.js:1005:37101)
    at a._doInvokeHandler (vscode-file://vscode-app/c:/Users/shimd/AppData/Local/Programs/Microsoft%20VS%20Code/0958016b2a/resources/app/out/vs/workbench/workbench.desktop.main.js:4970:51744)
    at a._invokeHandler (vscode-file://vscode-app/c:/Users/shimd/AppData/Local/Programs/Microsoft%20VS%20Code/0958016b2a/resources/app/out/vs/workbench/workbench.desktop.main.js:4970:51490)
    at a._receiveRequest (vscode-file://vscode-app/c:/Users/shimd/AppData/Local/Programs/Microsoft%20VS%20Code/0958016b2a/resources/app/out/vs/workbench/workbench.desktop.main.js:4970:50271)
    at a._receiveOneMessage (vscode-file://vscode-app/c:/Users/shimd/AppData/Local/Programs/Microsoft%20VS%20Code/0958016b2a/resources/app/out/vs/workbench/workbench.desktop.main.js:4970:49105)
    at rye.value (vscode-file://vscode-app/c:/Users/shimd/AppData/Local/Programs/Microsoft%20VS%20Code/0958016b2a/resources/app/out/vs/workbench/workbench.desktop.main.js:4970:47177)
    at T._deliver (vscode-file://vscode-app/c:/Users/shimd/AppData/Local/Programs/Microsoft%20VS%20Code/0958016b2a/resources/app/out/vs/workbench/workbench.desktop.main.js:405:3268)
    at T.fire (vscode-file://vscode-app/c:/Users/shimd/AppData/Local/Programs/Microsoft%20VS%20Code/0958016b2a/resources/app/out/vs/workbench/workbench.desktop.main.js:405:3587)
    at A3.fire (vscode-file://vscode-app/c:/Users/shimd/AppData/Local/Programs/Microsoft%20VS%20Code/0958016b2a/resources/app/out/vs/workbench/workbench.desktop.main.js:1034:9632)
    at MessagePort.<anonymous> (vscode-file://vscode-app/c:/Users/shimd/AppData/Local/Programs/Microsoft%20VS%20Code/0958016b2a/resources/app/out/vs/workbench/workbench.desktop.main.js:4985:16416)
2026-05-19 23:27:23.004 [error] Illegal value for lineNumber: Error: Illegal value for lineNumber
    at D5.validateLineNumber (vscode-file://vscode-app/c:/Users/shimd/AppData/Local/Programs/Microsoft%20VS%20Code/0958016b2a/resources/app/out/vs/workbench/workbench.desktop.main.js:668:31037)
    at D5.tokenizeIfCheap (vscode-file://vscode-app/c:/Users/shimd/AppData/Local/Programs/Microsoft%20VS%20Code/0958016b2a/resources/app/out/vs/workbench/workbench.desktop.main.js:668:31590)
    at kHi._isPositionInComment (vscode-file://vscode-app/c:/Users/shimd/AppData/Local/Programs/Microsoft%20VS%20Code/0958016b2a/resources/app/out/vs/workbench/workbench.desktop.main.js:3888:55507)
    at kHi.updateCursorPosition (vscode-file://vscode-app/c:/Users/shimd/AppData/Local/Programs/Microsoft%20VS%20Code/0958016b2a/resources/app/out/vs/workbench/workbench.desktop.main.js:3888:54213)
    at vscode-file://vscode-app/c:/Users/shimd/AppData/Local/Programs/Microsoft%20VS%20Code/0958016b2a/resources/app/out/vs/workbench/workbench.desktop.main.js:3888:53975
    at rye.value (vscode-file://vscode-app/c:/Users/shimd/AppData/Local/Programs/Microsoft%20VS%20Code/0958016b2a/resources/app/out/vs/workbench/workbench.desktop.main.js:668:39994)
    at T._deliver (vscode-file://vscode-app/c:/Users/shimd/AppData/Local/Programs/Microsoft%20VS%20Code/0958016b2a/resources/app/out/vs/workbench/workbench.desktop.main.js:405:3268)
    at T._deliverQueue (vscode-file://vscode-app/c:/Users/shimd/AppData/Local/Programs/Microsoft%20VS%20Code/0958016b2a/resources/app/out/vs/workbench/workbench.desktop.main.js:405:3357)
    at T.fire (vscode-file://vscode-app/c:/Users/shimd/AppData/Local/Programs/Microsoft%20VS%20Code/0958016b2a/resources/app/out/vs/workbench/workbench.desktop.main.js:405:3692)
    at bai.endDeferredEmit (vscode-file://vscode-app/c:/Users/shimd/AppData/Local/Programs/Microsoft%20VS%20Code/0958016b2a/resources/app/out/vs/workbench/workbench.desktop.main.js:678:24200)
    at yp.pushEditOperations (vscode-file://vscode-app/c:/Users/shimd/AppData/Local/Programs/Microsoft%20VS%20Code/0958016b2a/resources/app/out/vs/workbench/workbench.desktop.main.js:676:631)
    at vxe.executeEdits (vscode-file://vscode-app/c:/Users/shimd/AppData/Local/Programs/Microsoft%20VS%20Code/0958016b2a/resources/app/out/vs/workbench/workbench.desktop.main.js:679:469)
    at vscode-file://vscode-app/c:/Users/shimd/AppData/Local/Programs/Microsoft%20VS%20Code/0958016b2a/resources/app/out/vs/workbench/workbench.desktop.main.js:680:2963
    at MCt._emitViewEvent (vscode-file://vscode-app/c:/Users/shimd/AppData/Local/Programs/Microsoft%20VS%20Code/0958016b2a/resources/app/out/vs/workbench/workbench.desktop.main.js:680:4648)
    at vscode-file://vscode-app/c:/Users/shimd/AppData/Local/Programs/Microsoft%20VS%20Code/0958016b2a/resources/app/out/vs/workbench/workbench.desktop.main.js:680:4550
    at Object.batchChanges (vscode-file://vscode-app/c:/Users/shimd/AppData/Local/Programs/Microsoft%20VS%20Code/0958016b2a/resources/app/out/vs/workbench/workbench.desktop.main.js:682:19618)
    at MCt._withViewEventsCollector (vscode-file://vscode-app/c:/Users/shimd/AppData/Local/Programs/Microsoft%20VS%20Code/0958016b2a/resources/app/out/vs/workbench/workbench.desktop.main.js:680:4528)
    at MCt._executeCursorEdit (vscode-file://vscode-app/c:/Users/shimd/AppData/Local/Programs/Microsoft%20VS%20Code/0958016b2a/resources/app/out/vs/workbench/workbench.desktop.main.js:680:2873)
    at MCt.executeEdits (vscode-file://vscode-app/c:/Users/shimd/AppData/Local/Programs/Microsoft%20VS%20Code/0958016b2a/resources/app/out/vs/workbench/workbench.desktop.main.js:680:2928)
    at ds.executeEdits (vscode-file://vscode-app/c:/Users/shimd/AppData/Local/Programs/Microsoft%20VS%20Code/0958016b2a/resources/app/out/vs/workbench/workbench.desktop.main.js:682:11464)
    at ZPt.applyEdits (vscode-file://vscode-app/c:/Users/shimd/AppData/Local/Programs/Microsoft%20VS%20Code/0958016b2a/resources/app/out/vs/workbench/workbench.desktop.main.js:1005:18910)
    at xZ.$tryApplyEdits (vscode-file://vscode-app/c:/Users/shimd/AppData/Local/Programs/Microsoft%20VS%20Code/0958016b2a/resources/app/out/vs/workbench/workbench.desktop.main.js:1005:37101)
    at a._doInvokeHandler (vscode-file://vscode-app/c:/Users/shimd/AppData/Local/Programs/Microsoft%20VS%20Code/0958016b2a/resources/app/out/vs/workbench/workbench.desktop.main.js:4970:51744)
    at a._invokeHandler (vscode-file://vscode-app/c:/Users/shimd/AppData/Local/Programs/Microsoft%20VS%20Code/0958016b2a/resources/app/out/vs/workbench/workbench.desktop.main.js:4970:51490)
    at a._receiveRequest (vscode-file://vscode-app/c:/Users/shimd/AppData/Local/Programs/Microsoft%20VS%20Code/0958016b2a/resources/app/out/vs/workbench/workbench.desktop.main.js:4970:50271)
    at a._receiveOneMessage (vscode-file://vscode-app/c:/Users/shimd/AppData/Local/Programs/Microsoft%20VS%20Code/0958016b2a/resources/app/out/vs/workbench/workbench.desktop.main.js:4970:49105)
    at rye.value (vscode-file://vscode-app/c:/Users/shimd/AppData/Local/Programs/Microsoft%20VS%20Code/0958016b2a/resources/app/out/vs/workbench/workbench.desktop.main.js:4970:47177)
    at T._deliver (vscode-file://vscode-app/c:/Users/shimd/AppData/Local/Programs/Microsoft%20VS%20Code/0958016b2a/resources/app/out/vs/workbench/workbench.desktop.main.js:405:3268)
    at T.fire (vscode-file://vscode-app/c:/Users/shimd/AppData/Local/Programs/Microsoft%20VS%20Code/0958016b2a/resources/app/out/vs/workbench/workbench.desktop.main.js:405:3587)
    at A3.fire (vscode-file://vscode-app/c:/Users/shimd/AppData/Local/Programs/Microsoft%20VS%20Code/0958016b2a/resources/app/out/vs/workbench/workbench.desktop.main.js:1034:9632)
    at MessagePort.<anonymous> (vscode-file://vscode-app/c:/Users/shimd/AppData/Local/Programs/Microsoft%20VS%20Code/0958016b2a/resources/app/out/vs/workbench/workbench.desktop.main.js:4985:16416)
