2026-05-19 23:07:01.384 [info] Extension host with pid 26160 started
2026-05-19 23:07:01.385 [info] Skipping acquiring lock for c:\project\test\.vscode\host-data\User\workspaceStorage\78ae856281b3b6427a6239a1653f5f4b.
2026-05-19 23:07:01.876 [info] ExtensionService#_doActivateExtension vscode.github-authentication, startup: false, activationEvent: 'onAuthenticationRequest:github'
2026-05-19 23:07:01.987 [info] ExtensionService#_doActivateExtension redhat.vscode-rsp-ui, startup: false, activationEvent: 'onLanguage:plaintext'
2026-05-19 23:07:03.218 [info] ExtensionService#_doActivateExtension vscode.emmet, startup: false, activationEvent: 'onLanguage'
2026-05-19 23:07:03.281 [info] ExtensionService#_doActivateExtension undefined_publisher.p2p-code-share, startup: false, activationEvent: 'onView:p2p-code-share-sidebar'
2026-05-19 23:07:03.712 [warning] [Deprecation Warning] 'PendingMigrationError' is deprecated. navigator is now a global in nodejs, please see https://aka.ms/vscode-extensions/navigator for additional info on this error.
 FROM: PendingMigrationError: navigator is now a global in nodejs, please see https://aka.ms/vscode-extensions/navigator for additional info on this error.
	at get (file:///c:/Users/shimd/AppData/Local/Programs/Microsoft%20VS%20Code/0958016b2a/resources/app/out/vs/workbench/api/node/extensionHostProcess.js:805:7210)
	at Object.<anonymous> (c:\project\test\node_modules\lib0\dist\environment-1c97264d.cjs:22:15)
	at Module._compile (node:internal/modules/cjs/loader:1713:14)
	at Module._extensions..js (node:internal/modules/cjs/loader:1847:10)
	at Module.load (node:internal/modules/cjs/loader:1448:32)
	at Module._load (node:internal/modules/cjs/loader:1270:12)
	at c._load (node:electron/js2c/node_init:2:18041)
	at i._load (file:///c:/Users/shimd/AppData/Local/Programs/Microsoft%20VS%20Code/0958016b2a/resources/app/out/vs/workbench/api/node/extensionHostProcess.js:805:6589)
	at n._load (file:///c:/Users/shimd/AppData/Local/Programs/Microsoft%20VS%20Code/0958016b2a/resources/app/out/vs/workbench/api/node/extensionHostProcess.js:651:28855)
	at n._load (file:///c:/Users/shimd/AppData/Local/Programs/Microsoft%20VS%20Code/0958016b2a/resources/app/out/vs/workbench/api/node/extensionHostProcess.js:643:25961)
	at TracingChannel.traceSync (node:diagnostics_channel:328:14)
	at wrapModuleLoad (node:internal/modules/cjs/loader:244:24)
	at Module.require (node:internal/modules/cjs/loader:1470:12)
	at require (node:internal/modules/helpers:147:16)
	at Object.<anonymous> (c:\project\test\node_modules\lib0\dist\buffer.cjs:6:1)
	at Module._compile (node:internal/modules/cjs/loader:1713:14)
	at Module._extensions..js (node:internal/modules/cjs/loader:1847:10)
	at Module.load (node:internal/modules/cjs/loader:1448:32)
	at Module._load (node:internal/modules/cjs/loader:1270:12)
	at c._load (node:electron/js2c/node_init:2:18041)
	at i._load (file:///c:/Users/shimd/AppData/Local/Programs/Microsoft%20VS%20Code/0958016b2a/resources/app/out/vs/workbench/api/node/extensionHostProcess.js:805:6589)
	at n._load (file:///c:/Users/shimd/AppData/Local/Programs/Microsoft%20VS%20Code/0958016b2a/resources/app/out/vs/workbench/api/node/extensionHostProcess.js:651:28855)
	at n._load (file:///c:/Users/shimd/AppData/Local/Programs/Microsoft%20VS%20Code/0958016b2a/resources/app/out/vs/workbench/api/node/extensionHostProcess.js:643:25961)
	at TracingChannel.traceSync (node:diagnostics_channel:328:14)
	at wrapModuleLoad (node:internal/modules/cjs/loader:244:24)
	at Module.require (node:internal/modules/cjs/loader:1470:12)
	at require (node:internal/modules/helpers:147:16)
	at Object.<anonymous> (c:\project\test\node_modules\yjs\dist\yjs.cjs:11:14)
	at Module._compile (node:internal/modules/cjs/loader:1713:14)
	at Module._extensions..js (node:internal/modules/cjs/loader:1847:10)
	at Module.load (node:internal/modules/cjs/loader:1448:32)
	at Module._load (node:internal/modules/cjs/loader:1270:12)
	at c._load (node:electron/js2c/node_init:2:18041)
	at i._load (file:///c:/Users/shimd/AppData/Local/Programs/Microsoft%20VS%20Code/0958016b2a/resources/app/out/vs/workbench/api/node/extensionHostProcess.js:805:6589)
	at n._load (file:///c:/Users/shimd/AppData/Local/Programs/Microsoft%20VS%20Code/0958016b2a/resources/app/out/vs/workbench/api/node/extensionHostProcess.js:651:28855)
	at n._load (file:///c:/Users/shimd/AppData/Local/Programs/Microsoft%20VS%20Code/0958016b2a/resources/app/out/vs/workbench/api/node/extensionHostProcess.js:643:25961)
	at TracingChannel.traceSync (node:diagnostics_channel:328:14)
	at wrapModuleLoad (node:internal/modules/cjs/loader:244:24)
	at Module.require (node:internal/modules/cjs/loader:1470:12)
	at require (node:internal/modules/helpers:147:16)
	at Object.<anonymous> (c:\project\test\out\sync-manager.js:28:24)
	at Module._compile (node:internal/modules/cjs/loader:1713:14)
	at Module._extensions..js (node:internal/modules/cjs/loader:1847:10)
	at Module.load (node:internal/modules/cjs/loader:1448:32)
	at Module._load (node:internal/modules/cjs/loader:1270:12)
	at c._load (node:electron/js2c/node_init:2:18041)
	at i._load (file:///c:/Users/shimd/AppData/Local/Programs/Microsoft%20VS%20Code/0958016b2a/resources/app/out/vs/workbench/api/node/extensionHostProcess.js:805:6589)
	at n._load (file:///c:/Users/shimd/AppData/Local/Programs/Microsoft%20VS%20Code/0958016b2a/resources/app/out/vs/workbench/api/node/extensionHostProcess.js:651:28855)
	at n._load (file:///c:/Users/shimd/AppData/Local/Programs/Microsoft%20VS%20Code/0958016b2a/resources/app/out/vs/workbench/api/node/extensionHostProcess.js:643:25961)
	at TracingChannel.traceSync (node:diagnostics_channel:328:14)
	at wrapModuleLoad (node:internal/modules/cjs/loader:244:24)
	at Module.require (node:internal/modules/cjs/loader:1470:12)
	at require (node:internal/modules/helpers:147:16)
	at Object.<anonymous> (c:\project\test\out\extension.js:29:24)
	at Module._compile (node:internal/modules/cjs/loader:1713:14)
	at Module._extensions..js (node:internal/modules/cjs/loader:1847:10)
	at Module.load (node:internal/modules/cjs/loader:1448:32)
	at Module._load (node:internal/modules/cjs/loader:1270:12)
	at c._load (node:electron/js2c/node_init:2:18041)
	at i._load (file:///c:/Users/shimd/AppData/Local/Programs/Microsoft%20VS%20Code/0958016b2a/resources/app/out/vs/workbench/api/node/extensionHostProcess.js:805:6589)
	at n._load (file:///c:/Users/shimd/AppData/Local/Programs/Microsoft%20VS%20Code/0958016b2a/resources/app/out/vs/workbench/api/node/extensionHostProcess.js:651:28855)
	at n._load (file:///c:/Users/shimd/AppData/Local/Programs/Microsoft%20VS%20Code/0958016b2a/resources/app/out/vs/workbench/api/node/extensionHostProcess.js:643:25961)
	at TracingChannel.traceSync (node:diagnostics_channel:328:14)
	at wrapModuleLoad (node:internal/modules/cjs/loader:244:24)
	at Module.require (node:internal/modules/cjs/loader:1470:12)
	at require (node:internal/modules/helpers:147:16)
	at mP._doLoadModule (file:///c:/Users/shimd/AppData/Local/Programs/Microsoft%20VS%20Code/0958016b2a/resources/app/out/vs/workbench/api/node/extensionHostProcess.js:654:1487)
2026-05-19 23:07:04.181 [info] ExtensionService#_doActivateExtension vscode.git-base, startup: true, activationEvent: '*', root cause: vscode.git
2026-05-19 23:07:04.671 [info] ExtensionService#_doActivateExtension vscode.git, startup: true, activationEvent: '*'
2026-05-19 23:07:04.938 [info] ExtensionService#_doActivateExtension vscode.github, startup: true, activationEvent: '*'
2026-05-19 23:07:04.967 [warning] undefined_publisher.p2p-code-share created a webview without a content security policy: https://aka.ms/vscode-webview-missing-csp
2026-05-19 23:07:05.318 [warning] [vscode.git] Accessing a resource scoped configuration without providing a resource is not expected. To get the effective value for 'git.openRepositoryInParentFolders', provide the URI of a resource or 'null' for any resource.
2026-05-19 23:07:05.318 [warning] [vscode.git] Accessing a resource scoped configuration without providing a resource is not expected. To get the effective value for 'git.showProgress', provide the URI of a resource or 'null' for any resource.
2026-05-19 23:07:05.403 [info] Eager extensions activated
2026-05-19 23:07:05.500 [info] ExtensionService#_doActivateExtension vscode.debug-auto-launch, startup: false, activationEvent: 'onStartupFinished'
2026-05-19 23:07:05.513 [info] ExtensionService#_doActivateExtension vscode.merge-conflict, startup: false, activationEvent: 'onStartupFinished'
2026-05-19 23:07:05.617 [info] ExtensionService#_doActivateExtension ms-vscode-remote.remote-containers, startup: false, activationEvent: 'onStartupFinished'
2026-05-19 23:07:06.467 [info] ExtensionService#_doActivateExtension ms-vscode-remote.remote-wsl, startup: false, activationEvent: 'onStartupFinished'
2026-05-19 23:07:09.713 [info] ExtensionService#_doActivateExtension vscode.terminal-suggest, startup: false, activationEvent: 'onTerminalShellIntegration:*'
2026-05-19 23:11:10.546 [warning] Illegal argument: TextEditor(vs.editor.ICodeEditor:1,$model3)
