2026-05-19 23:02:47.708 [info] [main] Log level: Info
2026-05-19 23:02:47.708 [info] [main] Validating found git in: "C:\Program Files\Git\cmd\git.exe"
2026-05-19 23:02:47.881 [info] [main] Using git "2.52.0.windows.1" from "C:\Program Files\Git\cmd\git.exe"
2026-05-19 23:02:47.881 [info] [Model][doInitialScan] Initial repository scan started
2026-05-19 23:02:49.320 [info] > git rev-parse --show-toplevel [1315ms]
2026-05-19 23:02:49.320 [info] fatal: not a git repository (or any of the parent directories): .git
2026-05-19 23:02:49.738 [info] > git rev-parse --show-toplevel [167ms]
2026-05-19 23:02:49.738 [info] fatal: not a git repository (or any of the parent directories): .git
2026-05-19 23:02:49.745 [info] [Model][doInitialScan] Initial repository scan completed - repositories (0), closed repositories (0), parent repositories (0), unsafe repositories (0)
2026-05-19 23:02:49.926 [info] > git rev-parse --show-toplevel [170ms]
2026-05-19 23:02:49.926 [info] fatal: not a git repository (or any of the parent directories): .git
2026-05-19 23:02:50.188 [info] > git rev-parse --show-toplevel [246ms]
2026-05-19 23:02:50.188 [info] fatal: not a git repository (or any of the parent directories): .git
2026-05-19 23:02:50.375 [info] > git rev-parse --show-toplevel [172ms]
2026-05-19 23:02:50.375 [info] fatal: not a git repository (or any of the parent directories): .git
2026-05-19 23:02:50.582 [info] > git rev-parse --show-toplevel [155ms]
2026-05-19 23:02:50.582 [info] fatal: not a git repository (or any of the parent directories): .git
2026-05-19 23:02:51.784 [info] > git rev-parse --show-toplevel [170ms]
2026-05-19 23:02:51.784 [info] fatal: not a git repository (or any of the parent directories): .git
2026-05-19 23:02:52.313 [info] > git rev-parse --show-toplevel [214ms]
2026-05-19 23:02:52.314 [info] fatal: not a git repository (or any of the parent directories): .git
2026-05-19 23:02:53.047 [info] > git rev-parse --show-toplevel [167ms]
2026-05-19 23:02:53.047 [info] fatal: not a git repository (or any of the parent directories): .git
2026-05-19 23:03:18.170 [info] > git rev-parse --show-toplevel [105ms]
2026-05-19 23:03:18.171 [info] fatal: not a git repository (or any of the parent directories): .git
