2026-05-19 23:30:55.312 [info] [main] Log level: Info
2026-05-19 23:30:55.312 [info] [main] Validating found git in: "C:\Program Files\Git\cmd\git.exe"
2026-05-19 23:30:55.312 [info] [main] Using git "2.52.0.windows.1" from "C:\Program Files\Git\cmd\git.exe"
2026-05-19 23:30:55.312 [info] [Model][doInitialScan] Initial repository scan started
2026-05-19 23:30:55.926 [info] > git rev-parse --show-toplevel [650ms]
2026-05-19 23:30:55.927 [info] fatal: not a git repository (or any of the parent directories): .git
2026-05-19 23:30:56.180 [info] > git rev-parse --show-toplevel [140ms]
2026-05-19 23:30:56.181 [info] fatal: not a git repository (or any of the parent directories): .git
2026-05-19 23:30:56.186 [info] [Model][doInitialScan] Initial repository scan completed - repositories (0), closed repositories (0), parent repositories (0), unsafe repositories (0)
2026-05-19 23:30:56.301 [info] > git rev-parse --show-toplevel [106ms]
2026-05-19 23:30:56.301 [info] fatal: not a git repository (or any of the parent directories): .git
2026-05-19 23:30:56.409 [info] > git rev-parse --show-toplevel [100ms]
2026-05-19 23:30:56.409 [info] fatal: not a git repository (or any of the parent directories): .git
2026-05-19 23:30:56.511 [info] > git rev-parse --show-toplevel [94ms]
2026-05-19 23:30:56.511 [info] fatal: not a git repository (or any of the parent directories): .git
2026-05-19 23:30:56.676 [info] > git rev-parse --show-toplevel [88ms]
2026-05-19 23:30:56.676 [info] fatal: not a git repository (or any of the parent directories): .git
2026-05-19 23:30:56.939 [info] > git rev-parse --show-toplevel [85ms]
2026-05-19 23:30:56.939 [info] fatal: not a git repository (or any of the parent directories): .git
2026-05-19 23:30:57.391 [info] > git rev-parse --show-toplevel [90ms]
2026-05-19 23:30:57.392 [info] fatal: not a git repository (or any of the parent directories): .git
2026-05-19 23:31:39.571 [info] > git rev-parse --show-toplevel [100ms]
2026-05-19 23:31:39.571 [info] fatal: not a git repository (or any of the parent directories): .git
2026-05-19 23:33:20.668 [info] > git rev-parse --show-toplevel [92ms]
2026-05-19 23:33:20.669 [info] fatal: not a git repository (or any of the parent directories): .git
2026-05-19 23:34:07.171 [info] > git rev-parse --show-toplevel [160ms]
2026-05-19 23:34:07.171 [info] fatal: not a git repository (or any of the parent directories): .git
2026-05-19 23:34:10.859 [info] > git rev-parse --show-toplevel [110ms]
2026-05-19 23:34:10.859 [info] fatal: not a git repository (or any of the parent directories): .git
2026-05-19 23:34:21.895 [info] > git rev-parse --show-toplevel [89ms]
2026-05-19 23:34:21.896 [info] fatal: not a git repository (or any of the parent directories): .git
2026-05-19 23:34:24.659 [info] > git rev-parse --show-toplevel [88ms]
2026-05-19 23:34:24.659 [info] fatal: not a git repository (or any of the parent directories): .git
2026-05-19 23:34:25.051 [info] > git rev-parse --show-toplevel [110ms]
2026-05-19 23:34:25.051 [info] fatal: not a git repository (or any of the parent directories): .git
2026-05-19 23:34:31.460 [info] > git rev-parse --show-toplevel [100ms]
2026-05-19 23:34:31.460 [info] fatal: not a git repository (or any of the parent directories): .git
