2026-05-19 23:39:29.608 [info] [main] Log level: Info
2026-05-19 23:39:29.608 [info] [main] Validating found git in: "C:\Program Files\Git\cmd\git.exe"
2026-05-19 23:39:29.662 [info] [main] Using git "2.52.0.windows.1" from "C:\Program Files\Git\cmd\git.exe"
2026-05-19 23:39:29.662 [info] [Model][doInitialScan] Initial repository scan started
2026-05-19 23:39:30.361 [info] > git rev-parse --show-toplevel [661ms]
2026-05-19 23:39:30.362 [info] fatal: not a git repository (or any of the parent directories): .git
2026-05-19 23:39:30.595 [info] > git rev-parse --show-toplevel [138ms]
2026-05-19 23:39:30.595 [info] fatal: not a git repository (or any of the parent directories): .git
2026-05-19 23:39:30.599 [info] [Model][doInitialScan] Initial repository scan completed - repositories (0), closed repositories (0), parent repositories (0), unsafe repositories (0)
2026-05-19 23:39:30.711 [info] > git rev-parse --show-toplevel [103ms]
2026-05-19 23:39:30.711 [info] fatal: not a git repository (or any of the parent directories): .git
2026-05-19 23:39:30.826 [info] > git rev-parse --show-toplevel [110ms]
2026-05-19 23:39:30.827 [info] fatal: not a git repository (or any of the parent directories): .git
2026-05-19 23:39:30.960 [info] > git rev-parse --show-toplevel [125ms]
2026-05-19 23:39:30.960 [info] fatal: not a git repository (or any of the parent directories): .git
2026-05-19 23:39:31.143 [info] > git rev-parse --show-toplevel [100ms]
2026-05-19 23:39:31.143 [info] fatal: not a git repository (or any of the parent directories): .git
2026-05-19 23:39:31.417 [info] > git rev-parse --show-toplevel [94ms]
2026-05-19 23:39:31.417 [info] fatal: not a git repository (or any of the parent directories): .git
2026-05-19 23:39:31.899 [info] > git rev-parse --show-toplevel [123ms]
2026-05-19 23:39:31.900 [info] fatal: not a git repository (or any of the parent directories): .git
2026-05-19 23:39:32.018 [info] > git rev-parse --show-toplevel [111ms]
2026-05-19 23:39:32.018 [info] fatal: not a git repository (or any of the parent directories): .git
2026-05-19 23:39:54.190 [info] > git rev-parse --show-toplevel [112ms]
2026-05-19 23:39:54.191 [info] fatal: not a git repository (or any of the parent directories): .git
2026-05-19 23:40:51.955 [info] > git rev-parse --show-toplevel [83ms]
2026-05-19 23:40:51.955 [info] fatal: not a git repository (or any of the parent directories): .git
