2026-05-19 23:02:53.039 [info] [main] Log level: Info
2026-05-19 23:02:53.040 [info] [main] Validating found git in: "C:\Program Files\Git\cmd\git.exe"
2026-05-19 23:02:53.040 [info] [main] Using git "2.52.0.windows.1" from "C:\Program Files\Git\cmd\git.exe"
2026-05-19 23:02:53.040 [info] [Model][doInitialScan] Initial repository scan started
2026-05-19 23:02:53.934 [info] > git rev-parse --show-toplevel [876ms]
2026-05-19 23:02:53.934 [info] fatal: not a git repository (or any of the parent directories): .git
2026-05-19 23:02:53.939 [info] [Model][doInitialScan] Initial repository scan completed - repositories (0), closed repositories (0), parent repositories (0), unsafe repositories (0)
2026-05-19 23:02:54.208 [info] > git rev-parse --show-toplevel [139ms]
2026-05-19 23:02:54.208 [info] fatal: not a git repository (or any of the parent directories): .git
2026-05-19 23:02:54.308 [info] > git rev-parse --show-toplevel [94ms]
2026-05-19 23:02:54.308 [info] fatal: not a git repository (or any of the parent directories): .git
2026-05-19 23:02:54.545 [info] > git rev-parse --show-toplevel [101ms]
2026-05-19 23:02:54.545 [info] fatal: not a git repository (or any of the parent directories): .git
2026-05-19 23:02:54.827 [info] > git rev-parse --show-toplevel [98ms]
2026-05-19 23:02:54.827 [info] fatal: not a git repository (or any of the parent directories): .git
2026-05-19 23:02:55.105 [info] > git rev-parse --show-toplevel [91ms]
2026-05-19 23:02:55.105 [info] fatal: not a git repository (or any of the parent directories): .git
2026-05-19 23:02:55.431 [info] > git rev-parse --show-toplevel [92ms]
2026-05-19 23:02:55.431 [info] fatal: not a git repository (or any of the parent directories): .git
2026-05-19 23:03:18.243 [info] > git rev-parse --show-toplevel [120ms]
2026-05-19 23:03:18.243 [info] fatal: not a git repository (or any of the parent directories): .git
