2026-05-19 22:49:12.205 [info] Extension host with pid 29536 started
2026-05-19 22:49:12.206 [info] Skipping acquiring lock for c:\project\test\.vscode\guest-data\User\workspaceStorage\3378663943800331055ee724d15df6aa.
2026-05-19 22:49:12.615 [info] ExtensionService#_doActivateExtension vscode.github-authentication, startup: false, activationEvent: 'onAuthenticationRequest:github'
2026-05-19 22:49:12.731 [info] ExtensionService#_doActivateExtension redhat.vscode-rsp-ui, startup: false, activationEvent: 'onLanguage:plaintext'
2026-05-19 22:49:14.094 [info] ExtensionService#_doActivateExtension vscode.emmet, startup: false, activationEvent: 'onLanguage'
2026-05-19 22:49:14.166 [info] ExtensionService#_doActivateExtension undefined_publisher.p2p-code-share, startup: false, activationEvent: 'onView:p2p-code-share-sidebar'
2026-05-19 22:49:14.294 [warning] [Deprecation Warning] 'PendingMigrationError' is deprecated. navigator is now a global in nodejs, please see https://aka.ms/vscode-extensions/navigator for additional info on this error.
 FROM: PendingMigrationError: navigator is now a global in nodejs, please see https://aka.ms/vscode-extensions/navigator for additional info on this error.
	at get (file:///c:/Users/shimd/AppData/Local/Programs/Microsoft%20VS%20Code/0958016b2a/resources/app/out/vs/workbench/api/node/extensionHostProcess.js:805:7210)
	at Object.<anonymous> (c:\project\test\node_modules\lib0\dist\environment-1c97264d.cjs:22:15)
	at Module._compile (node:internal/modules/cjs/loader:1713:14)
	at Module._extensions..js (node:internal/modules/cjs/loader:1847:10)
	at Module.load (node:internal/modules/cjs/loader:1448:32)
	at Module._load (node:internal/modules/cjs/loader:1270:12)
	at c._load (node:electron/js2c/node_init:2:18041)
	at i._load (file:///c:/Users/shimd/AppData/Local/Programs/Microsoft%20VS%20Code/0958016b2a/resources/app/out/vs/workbench/api/node/extensionHostProcess.js:805:6589)
	at n._load (file:///c:/Users/shimd/AppData/Local/Programs/Microsoft%20VS%20Code/0958016b2a/resources/app/out/vs/workbench/api/node/extensionHostProcess.js:651:28855)
	at n._load (file:///c:/Users/shimd/AppData/Local/Programs/Microsoft%20VS%20Code/0958016b2a/resources/app/out/vs/workbench/api/node/extensionHostProcess.js:643:25961)
	at TracingChannel.traceSync (node:diagnostics_channel:328:14)
	at wrapModuleLoad (node:internal/modules/cjs/loader:244:24)
	at Module.require (node:internal/modules/cjs/loader:1470:12)
	at require (node:internal/modules/helpers:147:16)
	at Object.<anonymous> (c:\project\test\node_modules\lib0\dist\buffer.cjs:6:1)
	at Module._compile (node:internal/modules/cjs/loader:1713:14)
	at Module._extensions..js (node:internal/modules/cjs/loader:1847:10)
	at Module.load (node:internal/modules/cjs/loader:1448:32)
	at Module._load (node:internal/modules/cjs/loader:1270:12)
	at c._load (node:electron/js2c/node_init:2:18041)
	at i._load (file:///c:/Users/shimd/AppData/Local/Programs/Microsoft%20VS%20Code/0958016b2a/resources/app/out/vs/workbench/api/node/extensionHostProcess.js:805:6589)
	at n._load (file:///c:/Users/shimd/AppData/Local/Programs/Microsoft%20VS%20Code/0958016b2a/resources/app/out/vs/workbench/api/node/extensionHostProcess.js:651:28855)
	at n._load (file:///c:/Users/shimd/AppData/Local/Programs/Microsoft%20VS%20Code/0958016b2a/resources/app/out/vs/workbench/api/node/extensionHostProcess.js:643:25961)
	at TracingChannel.traceSync (node:diagnostics_channel:328:14)
	at wrapModuleLoad (node:internal/modules/cjs/loader:244:24)
	at Module.require (node:internal/modules/cjs/loader:1470:12)
	at require (node:internal/modules/helpers:147:16)
	at Object.<anonymous> (c:\project\test\node_modules\yjs\dist\yjs.cjs:11:14)
	at Module._compile (node:internal/modules/cjs/loader:1713:14)
	at Module._extensions..js (node:internal/modules/cjs/loader:1847:10)
	at Module.load (node:internal/modules/cjs/loader:1448:32)
	at Module._load (node:internal/modules/cjs/loader:1270:12)
	at c._load (node:electron/js2c/node_init:2:18041)
	at i._load (file:///c:/Users/shimd/AppData/Local/Programs/Microsoft%20VS%20Code/0958016b2a/resources/app/out/vs/workbench/api/node/extensionHostProcess.js:805:6589)
	at n._load (file:///c:/Users/shimd/AppData/Local/Programs/Microsoft%20VS%20Code/0958016b2a/resources/app/out/vs/workbench/api/node/extensionHostProcess.js:651:28855)
	at n._load (file:///c:/Users/shimd/AppData/Local/Programs/Microsoft%20VS%20Code/0958016b2a/resources/app/out/vs/workbench/api/node/extensionHostProcess.js:643:25961)
	at TracingChannel.traceSync (node:diagnostics_channel:328:14)
	at wrapModuleLoad (node:internal/modules/cjs/loader:244:24)
	at Module.require (node:internal/modules/cjs/loader:1470:12)
	at require (node:internal/modules/helpers:147:16)
	at Object.<anonymous> (c:\project\test\out\sync-manager.js:28:24)
	at Module._compile (node:internal/modules/cjs/loader:1713:14)
	at Module._extensions..js (node:internal/modules/cjs/loader:1847:10)
	at Module.load (node:internal/modules/cjs/loader:1448:32)
	at Module._load (node:internal/modules/cjs/loader:1270:12)
	at c._load (node:electron/js2c/node_init:2:18041)
	at i._load (file:///c:/Users/shimd/AppData/Local/Programs/Microsoft%20VS%20Code/0958016b2a/resources/app/out/vs/workbench/api/node/extensionHostProcess.js:805:6589)
	at n._load (file:///c:/Users/shimd/AppData/Local/Programs/Microsoft%20VS%20Code/0958016b2a/resources/app/out/vs/workbench/api/node/extensionHostProcess.js:651:28855)
	at n._load (file:///c:/Users/shimd/AppData/Local/Programs/Microsoft%20VS%20Code/0958016b2a/resources/app/out/vs/workbench/api/node/extensionHostProcess.js:643:25961)
	at TracingChannel.traceSync (node:diagnostics_channel:328:14)
	at wrapModuleLoad (node:internal/modules/cjs/loader:244:24)
	at Module.require (node:internal/modules/cjs/loader:1470:12)
	at require (node:internal/modules/helpers:147:16)
	at Object.<anonymous> (c:\project\test\out\extension.js:29:24)
	at Module._compile (node:internal/modules/cjs/loader:1713:14)
	at Module._extensions..js (node:internal/modules/cjs/loader:1847:10)
	at Module.load (node:internal/modules/cjs/loader:1448:32)
	at Module._load (node:internal/modules/cjs/loader:1270:12)
	at c._load (node:electron/js2c/node_init:2:18041)
	at i._load (file:///c:/Users/shimd/AppData/Local/Programs/Microsoft%20VS%20Code/0958016b2a/resources/app/out/vs/workbench/api/node/extensionHostProcess.js:805:6589)
	at n._load (file:///c:/Users/shimd/AppData/Local/Programs/Microsoft%20VS%20Code/0958016b2a/resources/app/out/vs/workbench/api/node/extensionHostProcess.js:651:28855)
	at n._load (file:///c:/Users/shimd/AppData/Local/Programs/Microsoft%20VS%20Code/0958016b2a/resources/app/out/vs/workbench/api/node/extensionHostProcess.js:643:25961)
	at TracingChannel.traceSync (node:diagnostics_channel:328:14)
	at wrapModuleLoad (node:internal/modules/cjs/loader:244:24)
	at Module.require (node:internal/modules/cjs/loader:1470:12)
	at require (node:internal/modules/helpers:147:16)
	at mP._doLoadModule (file:///c:/Users/shimd/AppData/Local/Programs/Microsoft%20VS%20Code/0958016b2a/resources/app/out/vs/workbench/api/node/extensionHostProcess.js:654:1487)
2026-05-19 22:49:14.602 [info] ExtensionService#_doActivateExtension vscode.git-base, startup: true, activationEvent: '*', root cause: vscode.git
2026-05-19 22:49:15.437 [info] ExtensionService#_doActivateExtension vscode.git, startup: true, activationEvent: '*'
2026-05-19 22:49:15.579 [info] ExtensionService#_doActivateExtension vscode.github, startup: true, activationEvent: '*'
2026-05-19 22:49:15.585 [warning] undefined_publisher.p2p-code-share created a webview without a content security policy: https://aka.ms/vscode-webview-missing-csp
2026-05-19 22:49:15.748 [warning] [vscode.git] Accessing a resource scoped configuration without providing a resource is not expected. To get the effective value for 'git.openRepositoryInParentFolders', provide the URI of a resource or 'null' for any resource.
2026-05-19 22:49:15.748 [warning] [vscode.git] Accessing a resource scoped configuration without providing a resource is not expected. To get the effective value for 'git.showProgress', provide the URI of a resource or 'null' for any resource.
2026-05-19 22:49:15.806 [info] Eager extensions activated
2026-05-19 22:49:15.938 [info] ExtensionService#_doActivateExtension vscode.debug-auto-launch, startup: false, activationEvent: 'onStartupFinished'
2026-05-19 22:49:15.947 [info] ExtensionService#_doActivateExtension vscode.merge-conflict, startup: false, activationEvent: 'onStartupFinished'
2026-05-19 22:49:15.990 [info] ExtensionService#_doActivateExtension ms-vscode-remote.remote-containers, startup: false, activationEvent: 'onStartupFinished'
2026-05-19 22:49:16.343 [info] ExtensionService#_doActivateExtension ms-vscode-remote.remote-wsl, startup: false, activationEvent: 'onStartupFinished'
2026-05-19 22:49:18.609 [info] ExtensionService#_doActivateExtension vscode.terminal-suggest, startup: false, activationEvent: 'onTerminalShellIntegration:*'
