2026-05-19 23:07:05.470 [info] [main] Log level: Info
2026-05-19 23:07:05.470 [info] [main] Validating found git in: "C:\Program Files\Git\cmd\git.exe"
2026-05-19 23:07:05.470 [info] [main] Using git "2.52.0.windows.1" from "C:\Program Files\Git\cmd\git.exe"
2026-05-19 23:07:05.471 [info] [Model][doInitialScan] Initial repository scan started
2026-05-19 23:07:06.847 [info] > git rev-parse --show-toplevel [1402ms]
2026-05-19 23:07:06.847 [info] fatal: not a git repository (or any of the parent directories): .git
2026-05-19 23:07:07.392 [info] > git rev-parse --show-toplevel [206ms]
2026-05-19 23:07:07.392 [info] fatal: not a git repository (or any of the parent directories): .git
2026-05-19 23:07:07.398 [info] [Model][doInitialScan] Initial repository scan completed - repositories (0), closed repositories (0), parent repositories (0), unsafe repositories (0)
2026-05-19 23:07:07.616 [info] > git rev-parse --show-toplevel [198ms]
2026-05-19 23:07:07.616 [info] fatal: not a git repository (or any of the parent directories): .git
2026-05-19 23:07:07.818 [info] > git rev-parse --show-toplevel [184ms]
2026-05-19 23:07:07.818 [info] fatal: not a git repository (or any of the parent directories): .git
2026-05-19 23:07:08.093 [info] > git rev-parse --show-toplevel [138ms]
2026-05-19 23:07:08.093 [info] fatal: not a git repository (or any of the parent directories): .git
2026-05-19 23:07:08.589 [info] > git rev-parse --show-toplevel [125ms]
2026-05-19 23:07:08.589 [info] fatal: not a git repository (or any of the parent directories): .git
2026-05-19 23:07:09.151 [info] > git rev-parse --show-toplevel [163ms]
2026-05-19 23:07:09.151 [info] fatal: not a git repository (or any of the parent directories): .git
2026-05-19 23:07:10.117 [info] > git rev-parse --show-toplevel [150ms]
2026-05-19 23:07:10.117 [info] fatal: not a git repository (or any of the parent directories): .git
2026-05-19 23:07:35.256 [info] > git rev-parse --show-toplevel [103ms]
2026-05-19 23:07:35.256 [info] fatal: not a git repository (or any of the parent directories): .git
