2026-05-19 23:07:10.778 [info] [main] Log level: Info
2026-05-19 23:07:10.778 [info] [main] Validating found git in: "C:\Program Files\Git\cmd\git.exe"
2026-05-19 23:07:10.878 [info] [main] Using git "2.52.0.windows.1" from "C:\Program Files\Git\cmd\git.exe"
2026-05-19 23:07:10.878 [info] [Model][doInitialScan] Initial repository scan started
2026-05-19 23:07:11.620 [info] > git rev-parse --show-toplevel [723ms]
2026-05-19 23:07:11.620 [info] fatal: not a git repository (or any of the parent directories): .git
2026-05-19 23:07:11.624 [info] [Model][doInitialScan] Initial repository scan completed - repositories (0), closed repositories (0), parent repositories (0), unsafe repositories (0)
2026-05-19 23:07:11.898 [info] > git rev-parse --show-toplevel [153ms]
2026-05-19 23:07:11.900 [info] fatal: not a git repository (or any of the parent directories): .git
2026-05-19 23:07:12.022 [info] > git rev-parse --show-toplevel [115ms]
2026-05-19 23:07:12.022 [info] fatal: not a git repository (or any of the parent directories): .git
2026-05-19 23:07:12.135 [info] > git rev-parse --show-toplevel [106ms]
2026-05-19 23:07:12.136 [info] fatal: not a git repository (or any of the parent directories): .git
2026-05-19 23:07:12.541 [info] > git rev-parse --show-toplevel [109ms]
2026-05-19 23:07:12.542 [info] fatal: not a git repository (or any of the parent directories): .git
2026-05-19 23:07:12.934 [info] > git rev-parse --show-toplevel [124ms]
2026-05-19 23:07:12.934 [info] fatal: not a git repository (or any of the parent directories): .git
2026-05-19 23:07:13.335 [info] > git rev-parse --show-toplevel [112ms]
2026-05-19 23:07:13.335 [info] fatal: not a git repository (or any of the parent directories): .git
2026-05-19 23:07:35.326 [info] > git rev-parse --show-toplevel [123ms]
2026-05-19 23:07:35.326 [info] fatal: not a git repository (or any of the parent directories): .git
2026-05-19 23:08:38.377 [info] > git rev-parse --show-toplevel [90ms]
2026-05-19 23:08:38.377 [info] fatal: not a git repository (or any of the parent directories): .git
2026-05-19 23:08:43.356 [info] > git rev-parse --show-toplevel [95ms]
2026-05-19 23:08:43.356 [info] fatal: not a git repository (or any of the parent directories): .git
2026-05-19 23:11:17.088 [info] > git rev-parse --show-toplevel [109ms]
2026-05-19 23:11:17.088 [info] fatal: not a git repository (or any of the parent directories): .git
