2026-05-19 22:49:10.584 [info] [main] Log level: Info
2026-05-19 22:49:10.584 [info] [main] Validating found git in: "C:\Program Files\Git\cmd\git.exe"
2026-05-19 22:49:10.584 [info] [main] Using git "2.52.0.windows.1" from "C:\Program Files\Git\cmd\git.exe"
2026-05-19 22:49:10.584 [info] [Model][doInitialScan] Initial repository scan started
2026-05-19 22:49:11.579 [info] > git rev-parse --show-toplevel [1019ms]
2026-05-19 22:49:11.579 [info] fatal: not a git repository (or any of the parent directories): .git
2026-05-19 22:49:11.980 [info] > git rev-parse --show-toplevel [144ms]
2026-05-19 22:49:11.981 [info] fatal: not a git repository (or any of the parent directories): .git
2026-05-19 22:49:11.987 [info] [Model][doInitialScan] Initial repository scan completed - repositories (0), closed repositories (0), parent repositories (0), unsafe repositories (0)
2026-05-19 22:49:12.181 [info] > git rev-parse --show-toplevel [177ms]
2026-05-19 22:49:12.181 [info] fatal: not a git repository (or any of the parent directories): .git
2026-05-19 22:49:12.492 [info] > git rev-parse --show-toplevel [222ms]
2026-05-19 22:49:12.492 [info] fatal: not a git repository (or any of the parent directories): .git
2026-05-19 22:49:13.795 [info] > git rev-parse --show-toplevel [143ms]
2026-05-19 22:49:13.796 [info] fatal: not a git repository (or any of the parent directories): .git
2026-05-19 22:49:14.297 [info] > git rev-parse --show-toplevel [141ms]
2026-05-19 22:49:14.297 [info] fatal: not a git repository (or any of the parent directories): .git
2026-05-19 22:49:15.001 [info] > git rev-parse --show-toplevel [262ms]
2026-05-19 22:49:15.001 [info] fatal: not a git repository (or any of the parent directories): .git
2026-05-19 22:49:15.213 [info] > git rev-parse --show-toplevel [199ms]
2026-05-19 22:49:15.213 [info] fatal: not a git repository (or any of the parent directories): .git
2026-05-19 22:49:34.898 [info] > git rev-parse --show-toplevel [91ms]
2026-05-19 22:49:34.898 [info] fatal: not a git repository (or any of the parent directories): .git
