2026-05-19 23:30:51.388 [info] [main] Log level: Info
2026-05-19 23:30:51.388 [info] [main] Validating found git in: "C:\Program Files\Git\cmd\git.exe"
2026-05-19 23:30:51.512 [info] [main] Using git "2.52.0.windows.1" from "C:\Program Files\Git\cmd\git.exe"
2026-05-19 23:30:51.513 [info] [Model][doInitialScan] Initial repository scan started
2026-05-19 23:30:52.656 [info] > git rev-parse --show-toplevel [1068ms]
2026-05-19 23:30:52.656 [info] fatal: not a git repository (or any of the parent directories): .git
2026-05-19 23:30:53.054 [info] > git rev-parse --show-toplevel [154ms]
2026-05-19 23:30:53.055 [info] fatal: not a git repository (or any of the parent directories): .git
2026-05-19 23:30:53.064 [info] [Model][doInitialScan] Initial repository scan completed - repositories (0), closed repositories (0), parent repositories (0), unsafe repositories (0)
2026-05-19 23:30:53.223 [info] > git rev-parse --show-toplevel [125ms]
2026-05-19 23:30:53.223 [info] fatal: not a git repository (or any of the parent directories): .git
2026-05-19 23:30:53.358 [info] > git rev-parse --show-toplevel [123ms]
2026-05-19 23:30:53.358 [info] fatal: not a git repository (or any of the parent directories): .git
2026-05-19 23:30:53.521 [info] > git rev-parse --show-toplevel [134ms]
2026-05-19 23:30:53.521 [info] fatal: not a git repository (or any of the parent directories): .git
2026-05-19 23:30:53.765 [info] > git rev-parse --show-toplevel [133ms]
2026-05-19 23:30:53.765 [info] fatal: not a git repository (or any of the parent directories): .git
2026-05-19 23:30:54.326 [info] > git rev-parse --show-toplevel [133ms]
2026-05-19 23:30:54.326 [info] fatal: not a git repository (or any of the parent directories): .git
2026-05-19 23:30:55.353 [info] > git rev-parse --show-toplevel [136ms]
2026-05-19 23:30:55.353 [info] fatal: not a git repository (or any of the parent directories): .git
2026-05-19 23:31:04.388 [info] > git rev-parse --show-toplevel [85ms]
2026-05-19 23:31:04.389 [info] fatal: not a git repository (or any of the parent directories): .git
2026-05-19 23:31:39.540 [info] > git rev-parse --show-toplevel [99ms]
2026-05-19 23:31:39.540 [info] fatal: not a git repository (or any of the parent directories): .git
2026-05-19 23:32:53.825 [info] > git rev-parse --show-toplevel [84ms]
2026-05-19 23:32:53.825 [info] fatal: not a git repository (or any of the parent directories): .git
2026-05-19 23:33:01.853 [info] > git rev-parse --show-toplevel [91ms]
2026-05-19 23:33:01.853 [info] fatal: not a git repository (or any of the parent directories): .git
2026-05-19 23:33:07.140 [info] > git rev-parse --show-toplevel [84ms]
2026-05-19 23:33:07.140 [info] fatal: not a git repository (or any of the parent directories): .git
2026-05-19 23:33:07.752 [info] > git rev-parse --show-toplevel [80ms]
2026-05-19 23:33:07.752 [info] fatal: not a git repository (or any of the parent directories): .git
2026-05-19 23:33:09.606 [info] > git rev-parse --show-toplevel [87ms]
2026-05-19 23:33:09.606 [info] fatal: not a git repository (or any of the parent directories): .git
2026-05-19 23:33:11.397 [info] > git rev-parse --show-toplevel [85ms]
2026-05-19 23:33:11.397 [info] fatal: not a git repository (or any of the parent directories): .git
2026-05-19 23:33:24.564 [info] > git rev-parse --show-toplevel [97ms]
2026-05-19 23:33:24.564 [info] fatal: not a git repository (or any of the parent directories): .git
2026-05-19 23:33:26.868 [info] > git rev-parse --show-toplevel [87ms]
2026-05-19 23:33:26.868 [info] fatal: not a git repository (or any of the parent directories): .git
2026-05-19 23:34:07.111 [info] > git rev-parse --show-toplevel [140ms]
2026-05-19 23:34:07.111 [info] fatal: not a git repository (or any of the parent directories): .git
2026-05-19 23:34:10.854 [info] > git rev-parse --show-toplevel [115ms]
2026-05-19 23:34:10.854 [info] fatal: not a git repository (or any of the parent directories): .git
2026-05-19 23:34:19.112 [info] > git rev-parse --show-toplevel [83ms]
2026-05-19 23:34:19.112 [info] fatal: not a git repository (or any of the parent directories): .git
2026-05-19 23:34:28.781 [info] > git rev-parse --show-toplevel [86ms]
2026-05-19 23:34:28.781 [info] fatal: not a git repository (or any of the parent directories): .git
